// Jest Snapshot v1, https://goo.gl/fbAQLP

exports[`PageNewObservation should render correctly 1`] = `
.emotion-28 {
  box-sizing: border-box;
  margin: 0;
  min-width: 0;
  font-size: 16px;
}

@media screen and (min-width:40em) {
  .emotion-28 {
    font-size: 20px;
  }
}

.emotion-5 {
  box-sizing: border-box;
  margin: 0;
  min-width: 0;
  margin-bottom: 16px;
  position: -webkit-sticky;
  position: sticky;
  top: 0;
  background-color: var(--theme-ui-colors-surface,#fff);
  border-bottom-width: 1px;
  border-bottom-color: var(--theme-ui-colors-border,rgba(0,0,0,.1));
  border-bottom-style: solid;
}

.emotion-4 {
  box-sizing: border-box;
  margin: 0;
  min-width: 0;
  margin: auto;
  display: -webkit-box;
  display: -webkit-flex;
  display: -ms-flexbox;
  display: flex;
  -webkit-align-items: center;
  -webkit-box-align: center;
  -ms-flex-align: center;
  align-items: center;
  max-width: 640px;
}

.emotion-0 {
  font-size: 14px;
  color: var(--theme-ui-colors-textMediumEmphasis,rgba(0,0,0,0.60));
  margin-left: 16px;
}

.emotion-1 {
  margin-left: 4px;
  margin-right: 4px;
}

.emotion-2 {
  box-sizing: border-box;
  margin: 0;
  min-width: 0;
  color: var(--theme-ui-colors-text,#37383c);
  font-size: 16px;
  text-rendering: optimizeLegibility;
  line-height: 1.5;
  font-size: 14px;
  color: var(--theme-ui-colors-text,#37383c);
}

@media screen and (min-width:40em) {
  .emotion-2 {
    font-size: 14px;
  }
}

@media screen and (min-width:40em) {
  .emotion-2 {
    font-size: 14px;
  }
}

.emotion-3 {
  box-sizing: border-box;
  margin: 0;
  min-width: 0;
  -webkit-appearance: none;
  -moz-appearance: none;
  appearance: none;
  display: inline-block;
  text-align: center;
  line-height: inherit;
  -webkit-text-decoration: none;
  text-decoration: none;
  font-size: inherit;
  padding-left: 16px;
  padding-right: 16px;
  padding-top: 8px;
  padding-bottom: 8px;
  color: white;
  background-color: var(--theme-ui-colors-primary,#00e399);
  border: 0;
  border-radius: 4px;
  -webkit-user-select: none;
  -moz-user-select: none;
  -ms-user-select: none;
  user-select: none;
  cursor: pointer;
  box-sizing: border-box;
  font-size: 14px;
  color: var(--theme-ui-colors-onPrimary,#000);
  background-color: var(--theme-ui-colors-primary,#00e399);
  border-radius: 6px;
  font-family: Open Sans,-apple-system,BlinkMacSystemFont,San Francisco,Roboto,Segoe UI,Helvetica Neue,sans-serif;
  -webkit-transition: background-color 125ms cubic-bezier(0.0,0.0,0.2,1);
  transition: background-color 125ms cubic-bezier(0.0,0.0,0.2,1);
  padding-top: 8px;
  padding-bottom: 8px;
  padding-left: 16px;
  padding-right: 16px;
  white-space: nowrap;
  display: -webkit-box;
  display: -webkit-flex;
  display: -ms-flexbox;
  display: flex;
  -webkit-align-items: center;
  -webkit-box-align: center;
  -ms-flex-align: center;
  align-items: center;
  -webkit-box-pack: center;
  -webkit-justify-content: center;
  -ms-flex-pack: center;
  justify-content: center;
  touch-action: manipulation;
  box-shadow: rgba(27,31,35,0.1) 0px 1px 0px 0px,rgba(255,255,255,0.03) 0px 1px 0px 0px inset;
  border-color: var(--theme-ui-colors-border,rgba(0,0,0,.1));
  border-style: solid;
  border-width: 1px;
  line-height: 1;
  margin-left: auto;
  padding: 8px;
  margin-top: 8px;
  margin-bottom: 8px;
  margin-right: 16px;
}

.emotion-3:disabled {
  opacity: 0.38;
  cursor: auto;
}

.emotion-3:hover,
.emotion-3:focus {
  background-color: var(--theme-ui-colors-primaryDark,#00a06d);
  outline: none;
}

.emotion-3:hover:disabled,
.emotion-3:focus:disabled {
  background-color: var(--theme-ui-colors-primary,#00e399);
}

.emotion-27 {
  box-sizing: border-box;
  margin: 0;
  min-width: 0;
  margin: auto;
  padding-bottom: 32px;
  max-width: 640px;
}

.emotion-18 {
  box-sizing: border-box;
  margin: 0;
  min-width: 0;
  padding-left: 16px;
  padding-right: 16px;
}

.emotion-10 {
  box-sizing: border-box;
  margin: 0;
  min-width: 0;
  width: 100%;
  display: -webkit-box;
  display: -webkit-flex;
  display: -ms-flexbox;
  display: flex;
  color: var(--theme-ui-colors-textMediumEmphasis,rgba(0,0,0,0.60));
  font-family: Open Sans,-apple-system,BlinkMacSystemFont,San Francisco,Roboto,Segoe UI,Helvetica Neue,sans-serif;
  font-size: 14px;
  -webkit-user-select: none;
  -moz-user-select: none;
  -ms-user-select: none;
  user-select: none;
  display: -webkit-box;
  display: -webkit-flex;
  display: -ms-flexbox;
  display: flex;
  -webkit-flex-direction: column;
  -ms-flex-direction: column;
  flex-direction: column;
}

.emotion-6 {
  box-sizing: border-box;
  margin: 0;
  min-width: 0;
  padding-bottom: 4px;
}

.emotion-9 {
  box-sizing: border-box;
  margin: 0;
  min-width: 0;
  margin-bottom: 16px;
  display: -webkit-box;
  display: -webkit-flex;
  display: -ms-flexbox;
  display: flex;
}

.emotion-7 {
  box-sizing: border-box;
  margin: 0;
  min-width: 0;
  display: block;
  width: 100%;
  padding: 8px;
  -webkit-appearance: none;
  -moz-appearance: none;
  appearance: none;
  font-size: inherit;
  line-height: inherit;
  border: 1px solid;
  border-radius: 4px;
  color: inherit;
  background-color: transparent;
  border-radius: 6px;
  color: var(--theme-ui-colors-text,#37383c);
  font-family: Open Sans,-apple-system,BlinkMacSystemFont,San Francisco,Roboto,Segoe UI,Helvetica Neue,sans-serif;
  border-color: var(--theme-ui-colors-border,rgba(0,0,0,.1));
  background-color: var(--theme-ui-colors-surface,#fff);
  font-size: 16px;
  padding: 12px;
}

.emotion-7:hover,
.emotion-7:focus {
  border-color: var(--theme-ui-colors-primary,#00e399);
  outline: none;
}

.emotion-8 {
  box-sizing: border-box;
  margin: 0;
  min-width: 0;
  margin-left: -28px;
  -webkit-align-self: center;
  -ms-flex-item-align: center;
  align-self: center;
  pointer-events: none;
}

.emotion-14 {
  box-sizing: border-box;
  margin: 0;
  min-width: 0;
  width: 100%;
  display: -webkit-box;
  display: -webkit-flex;
  display: -ms-flexbox;
  display: flex;
  color: var(--theme-ui-colors-textMediumEmphasis,rgba(0,0,0,0.60));
  font-family: Open Sans,-apple-system,BlinkMacSystemFont,San Francisco,Roboto,Segoe UI,Helvetica Neue,sans-serif;
  font-size: 14px;
  -webkit-user-select: none;
  -moz-user-select: none;
  -ms-user-select: none;
  user-select: none;
  color: var(--theme-ui-colors-textMediumEmphasis,rgba(0,0,0,0.60));
  display: -webkit-box;
  display: -webkit-flex;
  display: -ms-flexbox;
  display: flex;
  -webkit-flex-direction: column;
  -ms-flex-direction: column;
  flex-direction: column;
}

.emotion-13 {
  box-sizing: border-box;
  margin: 0;
  min-width: 0;
  -webkit-align-items: center;
  -webkit-box-align: center;
  -ms-flex-align: center;
  align-items: center;
  display: -webkit-box;
  display: -webkit-flex;
  display: -ms-flexbox;
  display: flex;
}

.emotion-12 {
  box-sizing: border-box;
  margin: 0;
  min-width: 0;
  display: block;
  width: 100%;
  padding: 8px;
  -webkit-appearance: none;
  -moz-appearance: none;
  appearance: none;
  font-size: inherit;
  line-height: inherit;
  border: 1px solid;
  border-radius: 4px;
  color: inherit;
  background-color: transparent;
  border-radius: 6px;
  font-family: Open Sans,-apple-system,BlinkMacSystemFont,San Francisco,Roboto,Segoe UI,Helvetica Neue,sans-serif;
  width: auto;
  border-color: var(--theme-ui-colors-border,rgba(0,0,0,.1));
  background-color: var(--theme-ui-colors-surface,#fff);
  font-size: 16px;
  padding: 12px;
  color: var(--theme-ui-colors-text,#37383c);
  margin-bottom: 16px;
  width: 100%;
}

.emotion-12:hover,
.emotion-12:focus {
  border-color: var(--theme-ui-colors-primary,#00e399);
  outline: none;
}

.emotion-12::-webkit-input-placeholder {
  font-style: italic;
}

.emotion-12::-moz-placeholder {
  font-style: italic;
}

.emotion-12:-ms-input-placeholder {
  font-style: italic;
}

.emotion-12::placeholder {
  font-style: italic;
}

.emotion-12:disabled {
  opacity: 0.68;
  border-color: var(--theme-ui-colors-border,rgba(0,0,0,.1));
  color: var(--theme-ui-colors-textDisabled,rgba(0,0,0,0.38));
}

.emotion-16 {
  box-sizing: border-box;
  margin: 0;
  min-width: 0;
  display: block;
  width: 100%;
  padding: 8px;
  -webkit-appearance: none;
  -moz-appearance: none;
  appearance: none;
  font-size: inherit;
  line-height: inherit;
  border: 1px solid;
  border-radius: 4px;
  color: inherit;
  background-color: transparent;
  border-radius: 6px;
  font-family: Open Sans,-apple-system,BlinkMacSystemFont,San Francisco,Roboto,Segoe UI,Helvetica Neue,sans-serif;
  border-color: var(--theme-ui-colors-border,rgba(0,0,0,.1));
  background-color: var(--theme-ui-colors-surface,#fff);
  font-size: 16px;
  padding: 16px;
  height: 180px;
  resize: vertical;
  color: var(--theme-ui-colors-text,#37383c);
  margin-bottom: 16px;
}

.emotion-16:hover,
.emotion-16:focus {
  border-color: var(--theme-ui-colors-primary,#00e399);
  outline: none;
}

.emotion-16::-webkit-input-placeholder {
  font-style: italic;
  line-height: 2rem;
}

.emotion-16::-moz-placeholder {
  font-style: italic;
  line-height: 2rem;
}

.emotion-16:-ms-input-placeholder {
  font-style: italic;
  line-height: 2rem;
}

.emotion-16::placeholder {
  font-style: italic;
  line-height: 2rem;
}

.emotion-19 {
  box-sizing: border-box;
  margin: 0;
  min-width: 0;
  color: var(--theme-ui-colors-text,#37383c);
  font-size: 16px;
  text-rendering: optimizeLegibility;
  line-height: 1.5;
  margin-bottom: 8px;
  margin-left: 16px;
  margin-right: 16px;
  font-size: 14px;
  color: var(--theme-ui-colors-textMediumEmphasis,rgba(0,0,0,0.60));
}

@media screen and (min-width:40em) {
  .emotion-19 {
    font-size: 14px;
  }
}

.emotion-26 {
  box-sizing: border-box;
  margin: 0;
  min-width: 0;
  display: -webkit-box;
  display: -webkit-flex;
  display: -ms-flexbox;
  display: flex;
  -webkit-align-items: center;
  -webkit-box-align: center;
  -ms-flex-align: center;
  align-items: center;
  -webkit-flex-wrap: wrap;
  -ms-flex-wrap: wrap;
  flex-wrap: wrap;
}

.emotion-25 {
  box-sizing: border-box;
  margin: 0;
  min-width: 0;
  margin-left: 16px;
  margin-bottom: 16px;
}

.emotion-24 {
  box-sizing: border-box;
  margin: 0;
  min-width: 0;
  overflow: auto;
  background-color: var(--theme-ui-colors-surface,#fff);
  border-radius: 6px;
  box-shadow: rgba(0,0,0,0.1) 0px 0px 1px,rgba(0,0,0,0.27) 0px 2px 4px -2px;
  padding: 16px;
  width: 80px;
  height: 80px;
  display: -webkit-box;
  display: -webkit-flex;
  display: -ms-flexbox;
  display: flex;
  -webkit-flex-direction: column;
  -ms-flex-direction: column;
  flex-direction: column;
  -webkit-align-items: center;
  -webkit-box-align: center;
  -ms-flex-align: center;
  align-items: center;
  font-size: 14px;
  -webkit-box-pack: center;
  -webkit-justify-content: center;
  -ms-flex-pack: center;
  justify-content: center;
  cursor: pointer;
  border-style: solid;
  border-color: var(--theme-ui-colors-border,rgba(0,0,0,.1));
  border-width: 1px;
}

.emotion-24:hover {
  border-color: var(--theme-ui-colors-primary,#00e399);
}

.emotion-20 {
  box-sizing: border-box;
  margin: 0;
  min-width: 0;
  max-width: 100%;
  height: auto;
  fill: var(--theme-ui-colors-icon,rgba(0,0,0,0.6));
  -webkit-flex-shrink: 0;
  -ms-flex-negative: 0;
  flex-shrink: 0;
  width: 20px;
  height: 20px;
}

.emotion-21 {
  box-sizing: border-box;
  margin: 0;
  min-width: 0;
  display: block;
  width: 100%;
  padding: 8px;
  -webkit-appearance: none;
  -moz-appearance: none;
  appearance: none;
  font-size: inherit;
  line-height: inherit;
  border: 1px solid;
  border-radius: 4px;
  color: inherit;
  background-color: transparent;
  border-radius: 6px;
  font-family: Open Sans,-apple-system,BlinkMacSystemFont,San Francisco,Roboto,Segoe UI,Helvetica Neue,sans-serif;
  width: auto;
  border-color: var(--theme-ui-colors-border,rgba(0,0,0,.1));
  background-color: var(--theme-ui-colors-surface,#fff);
  font-size: 16px;
  padding: 12px;
  color: var(--theme-ui-colors-text,#37383c);
  display: none;
}

.emotion-21:hover,
.emotion-21:focus {
  border-color: var(--theme-ui-colors-primary,#00e399);
  outline: none;
}

.emotion-21::-webkit-input-placeholder {
  font-style: italic;
}

.emotion-21::-moz-placeholder {
  font-style: italic;
}

.emotion-21:-ms-input-placeholder {
  font-style: italic;
}

.emotion-21::placeholder {
  font-style: italic;
}

.emotion-21:disabled {
  opacity: 0.68;
  border-color: var(--theme-ui-colors-border,rgba(0,0,0,.1));
  color: var(--theme-ui-colors-textDisabled,rgba(0,0,0,0.38));
}

<div>
  <div
    class="emotion-28"
  >
    <div
      class="emotion-5"
    >
      <div
        class="emotion-4"
      >
        <a
          class="emotion-0"
          href="/dashboard/students/overview?studentId="
        />
        <span
          class="emotion-1"
        >
          /
        </span>
        <p
          class="emotion-2"
        >
          New Observation
        </p>
        <button
          class="emotion-3"
          disabled=""
        >
           Save
        </button>
      </div>
    </div>
    <div
      class="emotion-27"
    >
      <div
        class="emotion-18"
      >
        <label
          class="emotion-10"
        >
          <div
            class="emotion-6"
          >
            Category
          </div>
          <div
            class="emotion-9"
          >
            <select
              aria-label="Category"
              class="emotion-7"
            >
              <option
                value="0"
              >
                Others
              </option>
              <option
                value="1"
              >
                Cultural
              </option>
              <option
                value="2"
              >
                Language
              </option>
              <option
                value="3"
              >
                Mathematics
              </option>
              <option
                value="4"
              >
                Practical Life
              </option>
              <option
                value="5"
              >
                Sensorial
              </option>
            </select>
            <svg
              class="emotion-8"
              fill="currentcolor"
              height="24"
              viewBox="0 0 24 24"
              width="24"
              xmlns="http://www.w3.org/2000/svg"
            >
              <path
                d="M7 10l5 5 5-5z"
              />
            </svg>
          </div>
        </label>
        <label
          class="emotion-14"
        >
          <div
            class="emotion-6"
          >
            Short Description
          </div>
          <div
            class="emotion-13"
          >
            <input
              class="emotion-12"
              placeholder="What have you found?"
              value=""
            />
          </div>
        </label>
        <label
          class="emotion-10"
        >
          <div
            class="emotion-6"
          >
            Details
          </div>
          <textarea
            aria-label="Details"
            class="emotion-16"
            placeholder="Tell us what you observed"
          />
        </label>
      </div>
      <p
        class="emotion-19"
      >
        Attached Images
      </p>
      <div
        class="emotion-26"
      >
        <div
          class="emotion-25"
        >
          <label
            class="emotion-24"
          >
            <div
              class="emotion-20"
            />
            Image
            <label
              class="emotion-14"
            >
              <div
                class="emotion-13"
              >
                <input
                  accept="image/*"
                  class="emotion-21"
                  type="file"
                  value=""
                />
              </div>
            </label>
          </label>
        </div>
      </div>
    </div>
  </div>
</div>
`;
