// Jest Snapshot v1, https://goo.gl/fbAQLP

exports[`SearchBar should render correctly 1`] = `
.emotion-0 {
  box-sizing: border-box;
  margin: 0;
  min-width: 0;
  font-size: 16px;
}

@media screen and (min-width: 40em) {
  .emotion-0 {
    font-size: 20px;
  }
}

.emotion-1 {
  box-sizing: border-box;
  margin: 0;
  min-width: 0;
  width: 100%;
  display: -webkit-box;
  display: -webkit-flex;
  display: -ms-flexbox;
  display: flex;
  color: var(--theme-ui-colors-textMediumEmphasis);
  font-family: Open Sans,-apple-system,BlinkMacSystemFont,San Francisco,Roboto,Segoe UI,Helvetica Neue,sans-serif;
  font-size: 14px;
  -webkit-user-select: none;
  -moz-user-select: none;
  -ms-user-select: none;
  user-select: none;
  color: var(--theme-ui-colors-textMediumEmphasis);
  display: -webkit-box;
  display: -webkit-flex;
  display: -ms-flexbox;
  display: flex;
  -webkit-flex-direction: column;
  -ms-flex-direction: column;
  flex-direction: column;
  font-size: 13px;
}

.emotion-2 {
  box-sizing: border-box;
  margin: 0;
  min-width: 0;
  display: -webkit-box;
  display: -webkit-flex;
  display: -ms-flexbox;
  display: flex;
  -webkit-align-items: center;
  -webkit-box-align: center;
  -ms-flex-align: center;
  align-items: center;
}

.emotion-3 {
  box-sizing: border-box;
  margin: 0;
  min-width: 0;
  max-width: 100%;
  height: auto;
  margin-right: -33px;
  margin-left: 8px;
  fill: var(--theme-ui-colors-icon);
  -webkit-flex-shrink: 0;
  -ms-flex-negative: 0;
  flex-shrink: 0;
  width: 20px;
  height: 20px;
  width: 24px;
  height: 24px;
  z-index: 2;
}

.emotion-4 {
  box-sizing: border-box;
  margin: 0;
  min-width: 0;
  display: block;
  width: 100%;
  padding: 8px;
  -webkit-appearance: none;
  -moz-appearance: none;
  -ms-appearance: none;
  appearance: none;
  font-size: inherit;
  line-height: inherit;
  border: 1px solid;
  border-radius: 4px;
  color: inherit;
  background-color: transparent;
  border-radius: 6px;
  font-family: Open Sans,-apple-system,BlinkMacSystemFont,San Francisco,Roboto,Segoe UI,Helvetica Neue,sans-serif;
  width: auto;
  border-color: var(--theme-ui-colors-border);
  background-color: var(--theme-ui-colors-surface);
  font-size: 16px;
  padding: 12px;
  color: var(--theme-ui-colors-text);
  padding-top: 8px;
  padding-bottom: 8px;
  background-color: var(--theme-ui-colors-surface);
  --theme-ui-input-autofill-bg: var(--theme-ui-colors-background);
  padding-left: 40px;
  font-size: 14px;
  width: 100%;
  width: 100%;
}

.emotion-4:autofill,
.emotion-4:autofill:hover,
.emotion-4:autofill:focus {
  box-shadow: inset 0 0 0 1000px var(--theme-ui-input-autofill-bg);
  font-size: inherit;
}

.emotion-4:autofill:first-line,
.emotion-4:autofill:hover:first-line,
.emotion-4:autofill:focus:first-line {
  font-size: 1rem;
}

.emotion-4:-webkit-autofill,
.emotion-4:-webkit-autofill:hover,
.emotion-4:-webkit-autofill:focus {
  box-shadow: inset 0 0 0 1000px var(--theme-ui-input-autofill-bg);
  font-size: inherit;
}

.emotion-4:-webkit-autofill:first-line,
.emotion-4:-webkit-autofill:hover:first-line,
.emotion-4:-webkit-autofill:focus:first-line {
  font-size: 1rem;
}

.emotion-4:hover,
.emotion-4:focus {
  border-color: var(--theme-ui-colors-primary);
}

.emotion-4::-webkit-input-placeholder {
  font-style: italic;
}

.emotion-4::-moz-placeholder {
  font-style: italic;
}

.emotion-4:-ms-input-placeholder {
  font-style: italic;
}

.emotion-4::placeholder {
  font-style: italic;
}

.emotion-4:disabled {
  opacity: 0.68;
  border-color: var(--theme-ui-colors-border);
  color: var(--theme-ui-colors-textDisabled);
}

<div>
  <div
    class="emotion-0"
  >
    <label
      class="emotion-1"
    >
      <div
        class="emotion-2"
      >
        <div
          class="emotion-3"
        />
        <input
          class="emotion-4"
          name="name"
          placeholder="Search"
          value=""
        />
      </div>
    </label>
  </div>
</div>
`;
