// Jest Snapshot v1, https://goo.gl/fbAQLP

exports[`PageForgotPassword should render correctly 1`] = `
.emotion-15 {
  box-sizing: border-box;
  margin: 0;
  min-width: 0;
  font-size: 16px;
}

@media screen and (min-width:40em) {
  .emotion-15 {
    font-size: 20px;
  }
}

.emotion-14 {
  box-sizing: border-box;
  margin: 0;
  min-width: 0;
}

.emotion-3 {
  box-sizing: border-box;
  margin: 0;
  min-width: 0;
  margin-left: auto;
  margin-right: auto;
  padding-top: 16px;
  padding-bottom: 16px;
  padding-left: 8px;
  padding-right: 8px;
  display: -webkit-box;
  display: -webkit-flex;
  display: -ms-flexbox;
  display: flex;
  width: 100%;
  max-width: 500px;
  -webkit-align-items: center;
  -webkit-box-align: center;
  -ms-flex-align: center;
  align-items: center;
}

.emotion-0 {
  -webkit-flex-shrink: 0;
  -ms-flex-negative: 0;
  flex-shrink: 0;
}

.emotion-2 {
  box-sizing: border-box;
  margin: 0;
  min-width: 0;
  color: rgba(0,0,0,0.88);
  font-size: 1.6rem;
  font-family: Open Sans,-apple-system,BlinkMacSystemFont,San Francisco,Roboto,Segoe UI,Helvetica Neue,sans-serif;
  font-weight: 400;
  line-height: 3rem;
  text-rendering: optimizeLegibility;
  margin-left: 8px;
  color: var(--theme-ui-colors-text,rgba(0,0,0,0.87));
  font-size: 20px;
  font-weight: bold;
  line-height: 1.2;
}

.emotion-1 {
  font-weight: normal;
  white-space: nowrap;
}

.emotion-13 {
  box-sizing: border-box;
  margin: 0;
  min-width: 0;
  margin-left: auto;
  margin-right: auto;
  padding: 16px;
  max-width: 500px;
  width: 100%;
}

.emotion-4 {
  box-sizing: border-box;
  margin: 0;
  min-width: 0;
  font-family: Open Sans,-apple-system,BlinkMacSystemFont,San Francisco,Roboto,Segoe UI,Helvetica Neue,sans-serif;
  font-weight: 300;
  line-height: heading;
  font-size: 2.5rem;
  line-height: 3rem;
  -webkit-letter-spacing: 0;
  -moz-letter-spacing: 0;
  -ms-letter-spacing: 0;
  letter-spacing: 0;
  text-rendering: optimizeLegibility;
  margin-top: 16px;
  margin-bottom: 16px;
  color: var(--theme-ui-colors-text,rgba(0,0,0,0.87));
  font-weight: bold;
}

.emotion-5 {
  box-sizing: border-box;
  margin: 0;
  min-width: 0;
  color: rgba(0,0,0,0.88);
  font-size: 1.6rem;
  font-family: Open Sans,-apple-system,BlinkMacSystemFont,San Francisco,Roboto,Segoe UI,Helvetica Neue,sans-serif;
  font-weight: 400;
  line-height: 3rem;
  text-rendering: optimizeLegibility;
  margin-top: 32px;
  margin-bottom: 32px;
  color: var(--theme-ui-colors-text,rgba(0,0,0,0.87));
  font-size: 16px;
}

.emotion-9 {
  box-sizing: border-box;
  margin: 0;
  min-width: 0;
  width: 100%;
  display: -webkit-box;
  display: -webkit-flex;
  display: -ms-flexbox;
  display: flex;
  color: var(--theme-ui-colors-textMediumEmphasis,rgba(0,0,0,0.60));
  font-family: Open Sans,-apple-system,BlinkMacSystemFont,San Francisco,Roboto,Segoe UI,Helvetica Neue,sans-serif;
  font-size: 14px;
  -webkit-user-select: none;
  -moz-user-select: none;
  -ms-user-select: none;
  user-select: none;
  color: var(--theme-ui-colors-textMediumEmphasis,rgba(0,0,0,0.60));
  display: -webkit-box;
  display: -webkit-flex;
  display: -ms-flexbox;
  display: flex;
  -webkit-flex-direction: column;
  -ms-flex-direction: column;
  flex-direction: column;
}

.emotion-6 {
  box-sizing: border-box;
  margin: 0;
  min-width: 0;
  padding-bottom: 4px;
}

.emotion-8 {
  box-sizing: border-box;
  margin: 0;
  min-width: 0;
  -webkit-align-items: center;
  -webkit-box-align: center;
  -ms-flex-align: center;
  align-items: center;
  display: -webkit-box;
  display: -webkit-flex;
  display: -ms-flexbox;
  display: flex;
}

.emotion-7 {
  box-sizing: border-box;
  margin: 0;
  min-width: 0;
  display: block;
  width: 100%;
  padding: 8px;
  -webkit-appearance: none;
  -moz-appearance: none;
  appearance: none;
  font-size: inherit;
  line-height: inherit;
  border: 1px solid;
  border-radius: 4px;
  color: inherit;
  background-color: transparent;
  border-radius: 6px;
  font-family: Open Sans,-apple-system,BlinkMacSystemFont,San Francisco,Roboto,Segoe UI,Helvetica Neue,sans-serif;
  width: auto;
  border-color: var(--theme-ui-colors-border,rgba(0,0,0,.1));
  background-color: var(--theme-ui-colors-surface,#fff);
  font-size: 16px;
  padding: 12px;
  color: var(--theme-ui-colors-text,rgba(0,0,0,0.87));
  margin-bottom: 16px;
  width: 100%;
}

.emotion-7:hover,
.emotion-7:focus {
  border-color: var(--theme-ui-colors-primary,#00e399);
  outline: none;
}

.emotion-7::-webkit-input-placeholder {
  font-style: italic;
}

.emotion-7::-moz-placeholder {
  font-style: italic;
}

.emotion-7:-ms-input-placeholder {
  font-style: italic;
}

.emotion-7::placeholder {
  font-style: italic;
}

.emotion-7:disabled {
  opacity: 0.68;
  border-color: var(--theme-ui-colors-border,rgba(0,0,0,.1));
  color: var(--theme-ui-colors-textDisabled,rgba(0,0,0,0.38));
}

.emotion-10 {
  box-sizing: border-box;
  margin: 0;
  min-width: 0;
  -webkit-appearance: none;
  -moz-appearance: none;
  appearance: none;
  display: inline-block;
  text-align: center;
  line-height: inherit;
  -webkit-text-decoration: none;
  text-decoration: none;
  font-size: inherit;
  padding-left: 16px;
  padding-right: 16px;
  padding-top: 8px;
  padding-bottom: 8px;
  color: white;
  background-color: var(--theme-ui-colors-primary,#00e399);
  border: 0;
  border-radius: 4px;
  cursor: pointer;
  box-sizing: border-box;
  font-size: 16px;
  color: var(--theme-ui-colors-onPrimary,#000);
  background-color: var(--theme-ui-colors-primary,#00e399);
  border-radius: 6px;
  font-family: Open Sans,-apple-system,BlinkMacSystemFont,San Francisco,Roboto,Segoe UI,Helvetica Neue,sans-serif;
  -webkit-transition: background-color 125ms cubic-bezier(0.0,0.0,0.2,1);
  transition: background-color 125ms cubic-bezier(0.0,0.0,0.2,1);
  padding-top: 8px;
  padding-bottom: 8px;
  padding-left: 16px;
  padding-right: 16px;
  white-space: nowrap;
  display: -webkit-box;
  display: -webkit-flex;
  display: -ms-flexbox;
  display: flex;
  -webkit-align-items: center;
  -webkit-box-align: center;
  -ms-flex-align: center;
  align-items: center;
  -webkit-box-pack: center;
  -webkit-justify-content: center;
  -ms-flex-pack: center;
  justify-content: center;
  touch-action: manipulation;
  width: 100%;
}

.emotion-10:disabled {
  opacity: 0.38;
  cursor: auto;
}

.emotion-10:hover,
.emotion-10:focus {
  background-color: var(--theme-ui-colors-primaryDark,#00a06d);
  outline: none;
}

.emotion-10:hover:disabled,
.emotion-10:focus:disabled {
  background-color: var(--theme-ui-colors-primary,#00e399);
}

.emotion-12 {
  box-sizing: border-box;
  margin: 0;
  min-width: 0;
  color: rgba(0,0,0,0.88);
  font-size: 1.6rem;
  font-family: Open Sans,-apple-system,BlinkMacSystemFont,San Francisco,Roboto,Segoe UI,Helvetica Neue,sans-serif;
  font-weight: 400;
  line-height: 3rem;
  text-rendering: optimizeLegibility;
  margin-top: 16px;
  color: var(--theme-ui-colors-textMediumEmphasis,rgba(0,0,0,0.60));
  text-align: center;
}

.emotion-11 {
  color: var(--theme-ui-colors-textPrimary,#027c5b);
}

<div>
  <div
    class="emotion-15"
  >
    <div
      class="emotion-14"
    >
      <a
        href="https://obserfy.com"
      >
        <div
          class="emotion-3"
        >
          <div
            class="emotion-0 gatsby-image-wrapper"
            style="position: relative; overflow: hidden; display: inline-block; width: 40px; height: 40px;"
          >
            <img
              alt=""
              aria-hidden="true"
              src="data:image/png;base64,iVBORw0KGgoAAAANSUhEUgAAABQAAAAUCAYAAACNiR0NAAAACXBIWXMAAAsTAAALEwEAmpwYAAACVUlEQVQ4y3VVu04bQRSdsd1QpeIH6BAFTZooEiUfkM+goI6Ub4BiR8QBQpMCUblEiijzB7sRJlFMEgoaGjrbyJicc++dx9rOSkdzvXPn7D33MXaufJrK+bpKtqurDtAFeoaub/CuKXxWPZ5EQhD0N4h8Hbz7z8M934SOkgY9u0iYyJrQTRt1tQXsAQfAIbAP3+18LvvCdoU0+1GrAyLcAAYgmPvbkxf/57OC9vfwgqguQbBZnmGkjumKzPFriOAt8CgETZjD6QnOYwFtfuT3KffGwG4r0pj/mA+sG8Cj//kJUVRTOMz89VGOcHjE6GYk9jcfSTqVtChZx6Wk1pU3wgEPYnOK98/+1zHtB+ACOAfu+Q5+z0KKSLFe2VmvEeZqbZnEOaMwsq/AelGkV8DA9mYkpgLYb3KU7DP9sceky5fV6SGSIac9HO6Z3xpwR8lU4v+ecX2fc8mGVccDkctkq+wLc+qJFEEiPTa5E38r60muRSY8tMpGwvMWYbTVt79AeFoSRsn7SfJQJN9LznQykmRZmzDyP/rwCROT/KGU3DHCbTatFWZm1RwAa3nkJJdfWkUZSi53yqJoyfXFpUlhA2vbNOGOOROZdTUyMm2bkSj6lkYvNnYR5SYwtgo+SRRsYE4GcdPPjX0tTU6/1+3GztdVzOWutIOOFyKRaZhEiExGpmTvrIftbGjfFMVM8pa5krFD0llJAW3mrIFMiyzfAW3JbtWVJBPApmWfsTVYzViAZd+FW1OLk3KaCrXyQg4pZ+3I3DJp2lSbxF02rKFrfwvL/vb8A8mhJMm8BwH7AAAAAElFTkSuQmCC"
              style="position: absolute; top: 0px; left: 0px; width: 100%; height: 100%; object-fit: cover; object-position: center; opacity: 1; transition-delay: 500ms;"
            />
            <picture>
              <source
                srcset="/static/fe67918dbda465cf53640b9ec939e54c/ff4be/logo-transparent.png 1x,
/static/fe67918dbda465cf53640b9ec939e54c/183c2/logo-transparent.png 1.5x,
/static/fe67918dbda465cf53640b9ec939e54c/829e2/logo-transparent.png 2x"
              />
              <img
                alt=""
                height="40"
                loading="lazy"
                src="/static/fe67918dbda465cf53640b9ec939e54c/ff4be/logo-transparent.png"
                srcset="/static/fe67918dbda465cf53640b9ec939e54c/ff4be/logo-transparent.png 1x,
/static/fe67918dbda465cf53640b9ec939e54c/183c2/logo-transparent.png 1.5x,
/static/fe67918dbda465cf53640b9ec939e54c/829e2/logo-transparent.png 2x"
                style="position: absolute; top: 0px; left: 0px; width: 100%; height: 100%; object-fit: cover; object-position: center; opacity: 0; transition: opacity 500ms;"
                width="40"
              />
            </picture>
            <noscript>
              &lt;picture&gt;&lt;source srcset="/static/fe67918dbda465cf53640b9ec939e54c/ff4be/logo-transparent.png 1x,
/static/fe67918dbda465cf53640b9ec939e54c/183c2/logo-transparent.png 1.5x,
/static/fe67918dbda465cf53640b9ec939e54c/829e2/logo-transparent.png 2x" /&gt;&lt;img loading="lazy" width="40" height="40" srcset="/static/fe67918dbda465cf53640b9ec939e54c/ff4be/logo-transparent.png 1x,
/static/fe67918dbda465cf53640b9ec939e54c/183c2/logo-transparent.png 1.5x,
/static/fe67918dbda465cf53640b9ec939e54c/829e2/logo-transparent.png 2x" src="/static/fe67918dbda465cf53640b9ec939e54c/ff4be/logo-transparent.png" alt="" style="position:absolute;top:0;left:0;opacity:1;width:100%;height:100%;object-fit:cover;object-position:center"/&gt;&lt;/picture&gt;
            </noscript>
          </div>
          <p
            class="emotion-2"
          >
            Obserfy
             
            <span
              class="emotion-1"
            >
              for Teachers
            </span>
          </p>
        </div>
      </a>
      <form
        class="emotion-13"
      >
        <h5
          class="emotion-4"
        >
          Reset Password
        </h5>
        <p
          class="emotion-5"
        >
          Can't remember your password? No problem, type email address and we'll help you reset it.
        </p>
        <label
          class="emotion-9"
        >
          <div
            class="emotion-6"
          >
            Email
          </div>
          <div
            class="emotion-8"
          >
            <input
              class="emotion-7"
              required=""
              type="email"
              value=""
            />
          </div>
        </label>
        
        <button
          class="emotion-10"
        >
          Reset Password
        </button>
        <p
          class="emotion-12"
        >
          <a
            class="emotion-11"
            href="/login"
          >
            Back to Login
          </a>
        </p>
      </form>
    </div>
  </div>
</div>
`;
