// Jest Snapshot v1, https://goo.gl/fbAQLP

exports[`UserCard should render correctly 1`] = `
.emotion-0 {
  box-sizing: border-box;
  margin: 0;
  min-width: 0;
  font-size: 16px;
}

@media screen and (min-width: 40em) {
  .emotion-0 {
    font-size: 20px;
  }
}

.emotion-1 {
  box-sizing: border-box;
  margin: 0;
  min-width: 0;
  background-color: var(--theme-ui-colors-surface);
  border-radius: 6px;
  box-shadow: rgba(0, 0, 0, 0.1) 0px 0px 1px,rgba(0, 0, 0, 0.27) 0px 2px 4px -2px;
  padding: 16px;
  margin-top: 8px;
}

.emotion-2 {
  box-sizing: border-box;
  margin: 0;
  min-width: 0;
  display: -webkit-box;
  display: -webkit-flex;
  display: -ms-flexbox;
  display: flex;
  -webkit-align-items: start;
  -webkit-box-align: start;
  -ms-flex-align: start;
  align-items: start;
}

.emotion-3 {
  box-sizing: border-box;
  margin: 0;
  min-width: 0;
  display: -webkit-box;
  display: -webkit-flex;
  display: -ms-flexbox;
  display: flex;
  -webkit-flex-direction: column;
  -ms-flex-direction: column;
  flex-direction: column;
  -webkit-align-items: start;
  -webkit-box-align: start;
  -ms-flex-align: start;
  align-items: start;
}

.emotion-4 {
  box-sizing: border-box;
  margin: 0;
  min-width: 0;
  color: var(--theme-ui-colors-text);
  font-size: 14px;
  text-rendering: optimizeLegibility;
  line-height: 1.5;
  font-weight: bold;
}

.emotion-5 {
  box-sizing: border-box;
  margin: 0;
  min-width: 0;
  color: var(--theme-ui-colors-text);
  font-size: 14px;
  text-rendering: optimizeLegibility;
  line-height: 1.5;
  color: var(--theme-ui-colors-textMediumEmphasis);
}

.emotion-6 {
  box-sizing: border-box;
  margin: 0;
  min-width: 0;
  -webkit-flex: 1;
  -ms-flex: 1;
  flex: 1;
  pointer-events: none;
}

.emotion-7 {
  box-sizing: border-box;
  margin: 0;
  min-width: 0;
  padding-top: 0;
  padding-bottom: 0;
  padding-left: 8px;
  padding-right: 8px;
  margin: 4px;
  border-width: 1px;
  border-style: solid;
  border-color: var(--theme-ui-colors-border);
  border-radius: 99999px;
  -webkit-flex-shrink: 0;
  -ms-flex-negative: 0;
  flex-shrink: 0;
  display: inline-block;
  background-color: var(--theme-ui-colors-primary);
}

.emotion-8 {
  box-sizing: border-box;
  margin: 0;
  min-width: 0;
  font-size: 14px;
  color: var(--theme-ui-colors-text);
  text-rendering: optimizeLegibility;
  color: var(--theme-ui-colors-onPrimary);
  display: block;
  font-size: 13px;
  text-transform: capitalize;
}

<div>
  <div
    class="emotion-0"
  >
    <div
      class="emotion-1"
    >
      <div
        class="emotion-2"
      >
        <div
          class="emotion-3"
        >
          <p
            class="emotion-4"
          >
            Johnny Obviously
          </p>
          <p
            class="emotion-5"
          >
            johnny@gmail.com
          </p>
        </div>
        <div
          class="emotion-6"
        />
        <div
          class="emotion-7"
        >
          <span
            class="emotion-8"
          >
            You
          </span>
        </div>
      </div>
    </div>
  </div>
</div>
`;
