// Jest Snapshot v1, https://goo.gl/fbAQLP

exports[`BrandBanner should render correctly 1`] = `
.emotion-0 {
  box-sizing: border-box;
  margin: 0;
  min-width: 0;
  font-size: 16px;
}

@media screen and (min-width: 40em) {
  .emotion-0 {
    font-size: 20px;
  }
}

.emotion-1 {
  box-sizing: border-box;
  margin: 0;
  min-width: 0;
  margin-left: auto;
  margin-right: auto;
  padding: 16px;
  width: 100%;
  max-width: 500px;
}

.emotion-2 {
  display: inline-block;
}

.emotion-3 {
  box-sizing: border-box;
  margin: 0;
  min-width: 0;
  display: -webkit-box;
  display: -webkit-flex;
  display: -ms-flexbox;
  display: flex;
  -webkit-align-items: center;
  -webkit-box-align: center;
  -ms-flex-align: center;
  align-items: center;
}

.emotion-4 {
  box-sizing: border-box;
  margin: 0;
  min-width: 0;
  color: var(--theme-ui-colors-text);
  font-size: 14px;
  text-rendering: optimizeLegibility;
  line-height: 1.5;
  margin-left: 8px;
  font-size: 20px;
  font-weight: bold;
  line-height: 1.2;
}

.emotion-5 {
  font-weight: normal;
  white-space: nowrap;
}

<div>
  <div
    class="emotion-0"
  >
    <div
      class="emotion-1"
    >
      <a
        class="emotion-2"
        href="https://obserfy.com"
      >
        <div
          class="emotion-3"
        >
          <p
            class="emotion-4"
          >
            Obserfy
             
            <span
              class="emotion-5"
            >
              for Teachers
            </span>
          </p>
        </div>
      </a>
    </div>
  </div>
</div>
`;
