// Jest Snapshot v1, https://goo.gl/fbAQLP

exports[`Tab should render correctly 1`] = `
.emotion-6 {
  box-sizing: border-box;
  margin: 0;
  min-width: 0;
  font-size: 16px;
}

@media screen and (min-width:40em) {
  .emotion-6 {
    font-size: 20px;
  }
}

.emotion-5 {
  box-sizing: border-box;
  margin: 0;
  min-width: 0;
  background-color: var(--theme-ui-colors-background,#f2f3f5);
}

.emotion-4 {
  box-sizing: border-box;
  margin: 0;
  min-width: 0;
  overflow-x: auto;
}

.emotion-3 {
  box-sizing: border-box;
  margin: 0;
  min-width: 0;
  min-width: 100%;
  width: 100%;
  -webkit-box-pack: space-around;
  -webkit-justify-content: space-around;
  -ms-flex-pack: space-around;
  justify-content: space-around;
  -webkit-align-items: center;
  -webkit-box-align: center;
  -ms-flex-align: center;
  align-items: center;
  display: -webkit-box;
  display: -webkit-flex;
  display: -ms-flexbox;
  display: flex;
}

.emotion-0 {
  box-sizing: border-box;
  margin: 0;
  min-width: 0;
  color: var(--theme-ui-colors-text,#37383c);
  font-size: 14px;
  text-rendering: optimizeLegibility;
  line-height: 1.5;
  margin-left: 16px;
  margin-right: 16px;
  margin-bottom: 0;
  color: var(--theme-ui-colors-textPrimary,#027c5b);
  font-size: 14px;
  white-space: nowrap;
  cursor: pointer;
  display: -webkit-box;
  display: -webkit-flex;
  display: -ms-flexbox;
  display: flex;
  -webkit-flex-direction: column;
  -ms-flex-direction: column;
  flex-direction: column;
  -webkit-align-items: center;
  -webkit-box-align: center;
  -ms-flex-align: center;
  align-items: center;
  padding-top: 12px;
  -webkit-user-select: none;
  -moz-user-select: none;
  -ms-user-select: none;
  user-select: none;
}

@media screen and (min-width:40em) {
  .emotion-0 {
    font-size: 14px;
  }
}

.emotion-0:after {
  background-color: var(--theme-ui-colors-primary,#00e399);
  border-radius: 2px 2px 0 0;
  width: 125%;
  height: 3px;
  content: '';
  margin-top: 8px;
  -webkit-transition: width 100ms cubic-bezier(0.0,0.0,0.2,1);
  transition: width 100ms cubic-bezier(0.0,0.0,0.2,1);
}

.emotion-1 {
  box-sizing: border-box;
  margin: 0;
  min-width: 0;
  color: var(--theme-ui-colors-text,#37383c);
  font-size: 14px;
  text-rendering: optimizeLegibility;
  line-height: 1.5;
  margin-left: 16px;
  margin-right: 16px;
  margin-bottom: 0;
  color: var(--theme-ui-colors-textMediumEmphasis,rgba(0,0,0,0.60));
  font-size: 14px;
  white-space: nowrap;
  cursor: pointer;
  display: -webkit-box;
  display: -webkit-flex;
  display: -ms-flexbox;
  display: flex;
  -webkit-flex-direction: column;
  -ms-flex-direction: column;
  flex-direction: column;
  -webkit-align-items: center;
  -webkit-box-align: center;
  -ms-flex-align: center;
  align-items: center;
  padding-top: 12px;
  -webkit-user-select: none;
  -moz-user-select: none;
  -ms-user-select: none;
  user-select: none;
}

@media screen and (min-width:40em) {
  .emotion-1 {
    font-size: 14px;
  }
}

.emotion-1:after {
  background-color: var(--theme-ui-colors-primary,#00e399);
  border-radius: 2px 2px 0 0;
  width: 0%;
  height: 3px;
  content: '';
  margin-top: 8px;
  -webkit-transition: width 100ms cubic-bezier(0.0,0.0,0.2,1);
  transition: width 100ms cubic-bezier(0.0,0.0,0.2,1);
}

<div>
  <div
    class="emotion-6"
  >
    <div
      class="emotion-5"
    >
      <div
        class="emotion-4"
      >
        <div
          class="emotion-3"
        >
          <p
            class="emotion-0"
          >
            Tab 1
          </p>
          <p
            class="emotion-1"
          >
            Tab 2
          </p>
          <p
            class="emotion-1"
          >
            Tab 3
          </p>
        </div>
      </div>
    </div>
  </div>
</div>
`;
