// Jest Snapshot v1, https://goo.gl/fbAQLP

exports[`MarkdownEditor should render correctly 1`] = `
.emotion-0 {
  box-sizing: border-box;
  margin: 0;
  min-width: 0;
  font-size: 16px;
}

@media screen and (min-width: 40em) {
  .emotion-0 {
    font-size: 20px;
  }
}

.emotion-1 {
  box-sizing: border-box;
  margin: 0;
  min-width: 0;
}

.emotion-2 {
  box-sizing: border-box;
  margin: 0;
  min-width: 0;
  padding-left: 8px;
  padding-right: 8px;
  display: -webkit-box;
  display: -webkit-flex;
  display: -ms-flexbox;
  display: flex;
  -webkit-align-items: center;
  -webkit-box-align: center;
  -ms-flex-align: center;
  align-items: center;
  background-color: var(--theme-ui-colors-darkSurface);
}

.emotion-3 {
  box-sizing: border-box;
  margin: 0;
  min-width: 0;
  -webkit-appearance: none;
  -moz-appearance: none;
  -ms-appearance: none;
  appearance: none;
  display: inline-block;
  text-align: center;
  line-height: inherit;
  -webkit-text-decoration: none;
  text-decoration: none;
  font-size: inherit;
  padding-left: 16px;
  padding-right: 16px;
  padding-top: 8px;
  padding-bottom: 8px;
  color: white;
  background-color: var(--theme-ui-colors-primary);
  border: 0;
  border-radius: 4px;
  -webkit-user-select: none;
  -moz-user-select: none;
  -ms-user-select: none;
  user-select: none;
  cursor: pointer;
  box-sizing: border-box;
  font-size: 14px;
  color: var(--theme-ui-colors-textPrimary);
  background-color: transparent;
  border-radius: 6px;
  font-family: Open Sans,-apple-system,BlinkMacSystemFont,San Francisco,Roboto,Segoe UI,Helvetica Neue,sans-serif;
  -webkit-transition: background-color 125ms cubic-bezier(0.0, 0.0, 0.2, 1);
  transition: background-color 125ms cubic-bezier(0.0, 0.0, 0.2, 1);
  padding-top: 8px;
  padding-bottom: 8px;
  padding-left: 16px;
  padding-right: 16px;
  white-space: nowrap;
  display: -webkit-box;
  display: -webkit-flex;
  display: -ms-flexbox;
  display: flex;
  -webkit-flex-shrink: 0;
  -ms-flex-negative: 0;
  flex-shrink: 0;
  -webkit-align-items: center;
  -webkit-box-align: center;
  -ms-flex-align: center;
  align-items: center;
  -webkit-box-pack: center;
  -ms-flex-pack: center;
  -webkit-justify-content: center;
  justify-content: center;
  touch-action: manipulation;
  box-shadow: none;
  border-color: var(--theme-ui-colors-border);
  border-style: solid;
  border-width: 1px;
  line-height: 1;
  border: none;
  margin-top: 16px;
  margin-left: 8px;
  margin-right: 0;
  padding-left: 16px;
  padding-right: 16px;
  padding-top: 12px;
  padding-bottom: 12px;
  border-width: 1px;
  border-style: solid;
  border-color: var(--theme-ui-colors-primary);
  font-weight: bold;
  background-color: var(--theme-ui-colors-primaryLightest);
  color: var(--theme-ui-colors-textPrimary);
}

.emotion-3:disabled {
  opacity: 0.38;
  cursor: auto;
}

.emotion-3:hover,
.emotion-3:focus {
  background-color: var(--theme-ui-colors-primaryLighter);
  border-color: var(--theme-ui-colors-primary);
  outline: none;
}

.emotion-4 {
  box-sizing: border-box;
  margin: 0;
  min-width: 0;
  -webkit-appearance: none;
  -moz-appearance: none;
  -ms-appearance: none;
  appearance: none;
  display: inline-block;
  text-align: center;
  line-height: inherit;
  -webkit-text-decoration: none;
  text-decoration: none;
  font-size: inherit;
  padding-left: 16px;
  padding-right: 16px;
  padding-top: 8px;
  padding-bottom: 8px;
  color: white;
  background-color: var(--theme-ui-colors-primary);
  border: 0;
  border-radius: 4px;
  -webkit-user-select: none;
  -moz-user-select: none;
  -ms-user-select: none;
  user-select: none;
  cursor: pointer;
  box-sizing: border-box;
  font-size: 14px;
  color: var(--theme-ui-colors-textPrimary);
  background-color: transparent;
  border-radius: 6px;
  font-family: Open Sans,-apple-system,BlinkMacSystemFont,San Francisco,Roboto,Segoe UI,Helvetica Neue,sans-serif;
  -webkit-transition: background-color 125ms cubic-bezier(0.0, 0.0, 0.2, 1);
  transition: background-color 125ms cubic-bezier(0.0, 0.0, 0.2, 1);
  padding-top: 8px;
  padding-bottom: 8px;
  padding-left: 16px;
  padding-right: 16px;
  white-space: nowrap;
  display: -webkit-box;
  display: -webkit-flex;
  display: -ms-flexbox;
  display: flex;
  -webkit-flex-shrink: 0;
  -ms-flex-negative: 0;
  flex-shrink: 0;
  -webkit-align-items: center;
  -webkit-box-align: center;
  -ms-flex-align: center;
  align-items: center;
  -webkit-box-pack: center;
  -ms-flex-pack: center;
  -webkit-justify-content: center;
  justify-content: center;
  touch-action: manipulation;
  box-shadow: none;
  border-color: var(--theme-ui-colors-border);
  border-style: solid;
  border-width: 1px;
  line-height: 1;
  border: none;
  margin-top: 16px;
  margin-left: 8px;
  margin-right: 0;
  padding-left: 16px;
  padding-right: 16px;
  padding-top: 12px;
  padding-bottom: 12px;
  border-width: 1px;
  border-style: solid;
  border-color: var(--theme-ui-colors-border);
  font-weight: bold;
  color: var(--theme-ui-colors-textMediumEmphasis);
}

.emotion-4:disabled {
  opacity: 0.38;
  cursor: auto;
}

.emotion-4:hover,
.emotion-4:focus {
  background-color: var(--theme-ui-colors-primaryLighter);
  border-color: var(--theme-ui-colors-primary);
  outline: none;
}

.emotion-4:hover,
.emotion-4:focus {
  background-color: var(--theme-ui-colors-tintWarning);
  color: var(--theme-ui-colors-warning);
  border-color: var(--theme-ui-colors-warning);
}

.emotion-5 {
  display: -webkit-box;
  display: -webkit-flex;
  display: -ms-flexbox;
  display: flex;
  -webkit-align-items: center;
  -webkit-box-align: center;
  -ms-flex-align: center;
  align-items: center;
  margin-left: auto;
  -webkit-transition: color ease-in 0.1s;
  transition: color ease-in 0.1s;
  color: var(--theme-ui-colors-textMediumEmphasis);
  white-space: nowrap;
  margin-top: 16px;
  margin-right: 16px;
}

.emotion-5:hover {
  color: var(--theme-ui-colors-textPrimary);
}

.emotion-6 {
  box-sizing: border-box;
  margin: 0;
  min-width: 0;
  max-width: 100%;
  height: auto;
  margin-right: 8px;
  margin-top: 8px;
  margin-bottom: 8px;
  fill: var(--theme-ui-colors-icon);
  -webkit-flex-shrink: 0;
  -ms-flex-negative: 0;
  flex-shrink: 0;
  width: 20px;
  height: 20px;
  color: inherit;
}

.emotion-7 {
  box-sizing: border-box;
  margin: 0;
  min-width: 0;
  color: var(--theme-ui-colors-text);
  font-size: 14px;
  text-rendering: optimizeLegibility;
  line-height: 1.5;
  padding-right: 8px;
  margin-top: 8px;
  margin-bottom: 8px;
  font-size: 12px;
  color: inherit;
  line-height: 1;
  display: none;
}

@media screen and (min-width: 40em) {
  .emotion-7 {
    display: none;
  }
}

@media screen and (min-width: 52em) {
  .emotion-7 {
    display: block;
  }
}

.emotion-8 {
  box-sizing: border-box;
  margin: 0;
  min-width: 0;
  padding-left: 8px;
  padding-right: 8px;
  background-color: var(--theme-ui-colors-darkSurface);
  border-bottom-left-radius: 6px;
  border-bottom-right-radius: 6px;
}

.emotion-9 {
  line-height: 1.7142857;
  outline: none;
  width: 100%;
  padding-left: 8px;
  padding-right: 8px;
  padding-top: 16px;
  padding-bottom: 16px;
  border: none;
  background-color: var(--theme-ui-colors-darkSurface);
  min-height: 400px;
}

<div>
  <div
    class="emotion-0"
  >
    <div
      class="emotion-1"
    >
      <div
        class="emotion-2"
      >
        <button
          class="emotion-3"
        >
          Write
        </button>
        <button
          class="emotion-4"
        >
          Preview
        </button>
        <a
          class="emotion-5"
          href="https://obserfy.com/docs/markdown-support"
          rel="noreferrer"
          target="_blank"
        >
          <div
            class="emotion-6"
          />
          <p
            class="emotion-7"
          >
            Markdown Supported
          </p>
        </a>
      </div>
      <div
        class="emotion-8"
      >
        <textarea
          class="emotion-9"
          data-cy="markdown-editor"
          placeholder="Write something"
        />
      </div>
    </div>
  </div>
</div>
`;
