// Jest Snapshot v1, https://goo.gl/fbAQLP

exports[`CardLink should render correctly 1`] = `
.emotion-0 {
  box-sizing: border-box;
  margin: 0;
  min-width: 0;
  font-size: 16px;
}

@media screen and (min-width: 40em) {
  .emotion-0 {
    font-size: 20px;
  }
}

.emotion-1 {
  display: block;
}

.emotion-2 {
  box-sizing: border-box;
  margin: 0;
  min-width: 0;
  overflow: auto;
  background-color: var(--theme-ui-colors-surface, #fff);
  border-radius: 6px;
  box-shadow: rgba(0, 0, 0, 0.1) 0px 0px 1px,rgba(0, 0, 0, 0.27) 0px 2px 4px -2px;
  padding: 16px;
}

.emotion-3 {
  box-sizing: border-box;
  margin: 0;
  min-width: 0;
  display: -webkit-box;
  display: -webkit-flex;
  display: -ms-flexbox;
  display: flex;
  -webkit-align-items: center;
  -webkit-box-align: center;
  -ms-flex-align: center;
  align-items: center;
}

.emotion-4 {
  box-sizing: border-box;
  margin: 0;
  min-width: 0;
  color: var(--theme-ui-colors-text, #37383c);
  font-size: 14px;
  text-rendering: optimizeLegibility;
  line-height: 1.5;
  font-size: 16px;
}

@media screen and (min-width: 40em) {
  .emotion-4 {
    font-size: 16px;
  }
}

.emotion-5 {
  box-sizing: border-box;
  margin: 0;
  min-width: 0;
  max-width: 100%;
  height: auto;
  margin-left: auto;
  fill: var(--theme-ui-colors-icon, rgba(0,0,0,0.6));
  -webkit-flex-shrink: 0;
  -ms-flex-negative: 0;
  flex-shrink: 0;
  width: 20px;
  height: 20px;
}

<div>
  <div
    class="emotion-0"
  >
    <a
      class="emotion-1"
      href="/curriculum"
    >
      <div
        class="emotion-2"
      >
        <div
          class="emotion-3"
        >
          <p
            class="emotion-4"
          >
            Curriculum
          </p>
          <div
            class="emotion-5"
          />
        </div>
      </div>
    </a>
  </div>
</div>
`;
