// Jest Snapshot v1, https://goo.gl/fbAQLP

exports[`PageAdmin should render correctly 1`] = `
@keyframes animation-0 {
  0% {
    background-color: rgba(165,165,165,0.05);
  }

  50% {
    background-color: rgba(165,165,165,0.2);
  }

  100% {
    background-color: rgba(165,165,165,0.05);
  }
}

.emotion-38 {
  box-sizing: border-box;
  margin: 0;
  min-width: 0;
  font-size: 16px;
}

@media screen and (min-width:40em) {
  .emotion-38 {
    font-size: 20px;
  }
}

.emotion-37 {
  box-sizing: border-box;
  margin: 0;
  min-width: 0;
  margin: auto;
  padding-bottom: 64px;
  max-width: 640px;
}

.emotion-0 {
  box-sizing: border-box;
  margin: 0;
  min-width: 0;
  margin-left: 16px;
  margin-right: 16px;
  margin-bottom: 16px;
  margin-top: 32px;
  border-radius: 6px;
  -webkit-animation: 1s ease-in-out 0s infinite animation-0;
  animation: 1s ease-in-out 0s infinite animation-0;
  width: 10rem;
  height: 27px;
}

.emotion-13 {
  box-sizing: border-box;
  margin: 0;
  min-width: 0;
  overflow: auto;
  background-color: var(--theme-ui-colors-surface,#fff);
  border-radius: 6px;
  box-shadow: rgba(0,0,0,0.1) 0px 0px 1px,rgba(0,0,0,0.27) 0px 2px 4px -2px;
  margin-bottom: 16px;
  border-radius: 0;
}

@media screen and (min-width:40em) {
  .emotion-13 {
    border-radius: 6px;
  }
}

.emotion-3 {
  box-sizing: border-box;
  margin: 0;
  min-width: 0;
  padding: 16px;
  display: -webkit-box;
  display: -webkit-flex;
  display: -ms-flexbox;
  display: flex;
}

.emotion-1 {
  box-sizing: border-box;
  margin: 0;
  min-width: 0;
  color: var(--theme-ui-colors-text,#37383c);
  font-size: 14px;
  text-rendering: optimizeLegibility;
  line-height: 1.5;
}

.emotion-2 {
  box-sizing: border-box;
  margin: 0;
  min-width: 0;
  max-width: 100%;
  height: auto;
  margin-left: auto;
  fill: var(--theme-ui-colors-icon,rgba(0,0,0,0.6));
  -webkit-flex-shrink: 0;
  -ms-flex-negative: 0;
  flex-shrink: 0;
  width: 20px;
  height: 20px;
}

.emotion-26 {
  box-sizing: border-box;
  margin: 0;
  min-width: 0;
  margin: 16px;
  -webkit-align-items: center;
  -webkit-box-align: center;
  -ms-flex-align: center;
  align-items: center;
  cursor: pointer;
  display: -webkit-box;
  display: -webkit-flex;
  display: -ms-flexbox;
  display: flex;
}

.emotion-21 {
  box-sizing: border-box;
  margin: 0;
  min-width: 0;
  max-width: 100%;
  height: auto;
  fill: var(--theme-ui-colors-background,#f2f3f5);
  -webkit-flex-shrink: 0;
  -ms-flex-negative: 0;
  flex-shrink: 0;
  width: 20px;
  height: 20px;
}

.emotion-24 {
  box-sizing: border-box;
  margin: 0;
  min-width: 0;
  margin-left: 16px;
}

.emotion-22 {
  box-sizing: border-box;
  margin: 0;
  min-width: 0;
  color: var(--theme-ui-colors-text,#37383c);
  font-size: 14px;
  text-rendering: optimizeLegibility;
  line-height: 1.5;
  color: var(--theme-ui-colors-textMediumEmphasis,rgba(0,0,0,0.60));
  font-size: 12px;
}

.emotion-27 {
  box-sizing: border-box;
  margin: 0;
  min-width: 0;
  max-width: 100%;
  height: auto;
  fill: var(--theme-ui-colors-icon,rgba(0,0,0,0.6));
  -webkit-flex-shrink: 0;
  -ms-flex-negative: 0;
  flex-shrink: 0;
  width: 20px;
  height: 20px;
}

.emotion-36 {
  box-sizing: border-box;
  margin: 0;
  min-width: 0;
  margin-top: 8px;
  padding-left: 16px;
  padding-right: 16px;
  -webkit-flex-direction: column;
  -ms-flex-direction: column;
  flex-direction: column;
  display: -webkit-box;
  display: -webkit-flex;
  display: -ms-flexbox;
  display: flex;
}

@media screen and (min-width:40em) {
  .emotion-36 {
    padding-left: 0;
    padding-right: 0;
  }
}

@media screen and (min-width:40em) {
  .emotion-36 {
    -webkit-flex-direction: row;
    -ms-flex-direction: row;
    flex-direction: row;
  }
}

.emotion-34 {
  box-sizing: border-box;
  margin: 0;
  min-width: 0;
  -webkit-appearance: none;
  -moz-appearance: none;
  appearance: none;
  display: inline-block;
  text-align: center;
  line-height: inherit;
  -webkit-text-decoration: none;
  text-decoration: none;
  font-size: inherit;
  padding-left: 16px;
  padding-right: 16px;
  padding-top: 8px;
  padding-bottom: 8px;
  color: white;
  background-color: var(--theme-ui-colors-primary,#00e399);
  border: 0;
  border-radius: 4px;
  -webkit-user-select: none;
  -moz-user-select: none;
  -ms-user-select: none;
  user-select: none;
  cursor: pointer;
  box-sizing: border-box;
  font-size: 14px;
  color: var(--theme-ui-colors-textPrimary,#027c5b);
  background-color: var(--theme-ui-colors-surface,#fff);
  border-radius: 6px;
  font-family: Open Sans,-apple-system,BlinkMacSystemFont,San Francisco,Roboto,Segoe UI,Helvetica Neue,sans-serif;
  -webkit-transition: background-color 125ms cubic-bezier(0.0,0.0,0.2,1);
  transition: background-color 125ms cubic-bezier(0.0,0.0,0.2,1);
  padding-top: 8px;
  padding-bottom: 8px;
  padding-left: 16px;
  padding-right: 16px;
  white-space: nowrap;
  display: -webkit-box;
  display: -webkit-flex;
  display: -ms-flexbox;
  display: flex;
  -webkit-align-items: center;
  -webkit-box-align: center;
  -ms-flex-align: center;
  align-items: center;
  -webkit-box-pack: center;
  -webkit-justify-content: center;
  -ms-flex-pack: center;
  justify-content: center;
  touch-action: manipulation;
  box-shadow: none;
  border-color: var(--theme-ui-colors-border,rgba(0,0,0,.1));
  border-style: solid;
  border-width: 1px;
  line-height: 1;
  margin-left: auto;
  padding-top: 8px;
  padding-bottom: 8px;
  margin-bottom: 16px;
  color: var(--theme-ui-colors-warning,#ff6d00);
  width: 100%;
  -webkit-flex-shrink: 0;
  -ms-flex-negative: 0;
  flex-shrink: 0;
}

.emotion-34:disabled {
  opacity: 0.38;
  cursor: auto;
}

.emotion-34:hover,
.emotion-34:focus {
  background-color: var(--theme-ui-colors-primaryLighter,rgba(0,120,86,0.12));
  border-color: var(--theme-ui-colors-primary,#00e399);
  outline: none;
}

.emotion-34:hover:disabled,
.emotion-34:focus:disabled {
  background-color: transparent;
  border-color: var(--theme-ui-colors-border,rgba(0,0,0,.1));
}

@media screen and (min-width:40em) {
  .emotion-34 {
    width: auto;
  }
}

.emotion-35 {
  box-sizing: border-box;
  margin: 0;
  min-width: 0;
  -webkit-appearance: none;
  -moz-appearance: none;
  appearance: none;
  display: inline-block;
  text-align: center;
  line-height: inherit;
  -webkit-text-decoration: none;
  text-decoration: none;
  font-size: inherit;
  padding-left: 16px;
  padding-right: 16px;
  padding-top: 8px;
  padding-bottom: 8px;
  color: white;
  background-color: var(--theme-ui-colors-primary,#00e399);
  border: 0;
  border-radius: 4px;
  -webkit-user-select: none;
  -moz-user-select: none;
  -ms-user-select: none;
  user-select: none;
  cursor: pointer;
  box-sizing: border-box;
  font-size: 14px;
  color: var(--theme-ui-colors-textPrimary,#027c5b);
  background-color: var(--theme-ui-colors-surface,#fff);
  border-radius: 6px;
  font-family: Open Sans,-apple-system,BlinkMacSystemFont,San Francisco,Roboto,Segoe UI,Helvetica Neue,sans-serif;
  -webkit-transition: background-color 125ms cubic-bezier(0.0,0.0,0.2,1);
  transition: background-color 125ms cubic-bezier(0.0,0.0,0.2,1);
  padding-top: 8px;
  padding-bottom: 8px;
  padding-left: 16px;
  padding-right: 16px;
  white-space: nowrap;
  display: -webkit-box;
  display: -webkit-flex;
  display: -ms-flexbox;
  display: flex;
  -webkit-align-items: center;
  -webkit-box-align: center;
  -ms-flex-align: center;
  align-items: center;
  -webkit-box-pack: center;
  -webkit-justify-content: center;
  -ms-flex-pack: center;
  justify-content: center;
  touch-action: manipulation;
  box-shadow: none;
  border-color: var(--theme-ui-colors-border,rgba(0,0,0,.1));
  border-style: solid;
  border-width: 1px;
  line-height: 1;
  margin-left: 0;
  margin-bottom: 16px;
  color: var(--theme-ui-colors-danger,#d50000);
}

.emotion-35:disabled {
  opacity: 0.38;
  cursor: auto;
}

.emotion-35:hover,
.emotion-35:focus {
  background-color: var(--theme-ui-colors-primaryLighter,rgba(0,120,86,0.12));
  border-color: var(--theme-ui-colors-primary,#00e399);
  outline: none;
}

.emotion-35:hover:disabled,
.emotion-35:focus:disabled {
  background-color: transparent;
  border-color: var(--theme-ui-colors-border,rgba(0,0,0,.1));
}

@media screen and (min-width:40em) {
  .emotion-35 {
    margin-left: 8px;
  }
}

<div>
  <div
    class="emotion-38"
  >
    <div
      class="emotion-37"
    >
      <div
        class="emotion-0"
      />
      <div
        class="emotion-13"
      >
        <a
          href="/dashboard/admin/curriculum"
        >
          <div
            class="emotion-3"
          >
            <p
              class="emotion-1"
            >
              Curriculum
            </p>
            <div
              class="emotion-2"
            />
          </div>
        </a>
        <a
          href="/dashboard/admin/class"
        >
          <div
            class="emotion-3"
          >
            <p
              class="emotion-1"
            >
              Class
            </p>
            <div
              class="emotion-2"
            />
          </div>
        </a>
        <a
          href="/dashboard/admin/students"
        >
          <div
            class="emotion-3"
          >
            <p
              class="emotion-1"
            >
              All Students
            </p>
            <div
              class="emotion-2"
            />
          </div>
        </a>
        <a
          href="/dashboard/admin/guardians"
        >
          <div
            class="emotion-3"
          >
            <p
              class="emotion-1"
            >
              All Guardians
            </p>
            <div
              class="emotion-2"
            />
          </div>
        </a>
      </div>
      <div
        class="emotion-13"
      >
        <a
          href="/dashboard/admin/users"
        >
          <div
            class="emotion-3"
          >
            <p
              class="emotion-1"
            >
              Users
            </p>
            <div
              class="emotion-2"
            />
          </div>
        </a>
        <a
          href="/dashboard/admin/inviteUser"
        >
          <div
            class="emotion-3"
          >
            <p
              class="emotion-1"
            >
              Invite Your Team
            </p>
            <div
              class="emotion-2"
            />
          </div>
        </a>
      </div>
      <div
        class="emotion-13"
      >
        <div
          class="emotion-26"
        >
          <div
            class="emotion-21"
          />
          <div
            class="emotion-24"
          >
            <p
              class="emotion-22"
            >
              Language
            </p>
            <p
              class="emotion-1"
            >
              English
            </p>
          </div>
          <div
            class="emotion-2"
          />
        </div>
        <div
          class="emotion-26"
          data-cy="dark-switch"
        >
          <div
            class="emotion-27"
          />
          <div
            class="emotion-24"
          >
            <p
              class="emotion-22"
            >
              Theme
            </p>
            <p
              class="emotion-1"
            >
              Light
            </p>
          </div>
          <div
            class="emotion-2"
          />
        </div>
      </div>
      <div
        class="emotion-36"
      >
        <button
          class="emotion-34"
        >
          Switch school
        </button>
        <button
          class="emotion-35"
        >
          Log Out
        </button>
      </div>
    </div>
  </div>
</div>
`;
