// Jest Snapshot v1, https://goo.gl/fbAQLP

exports[`PageAdmin should render correctly 1`] = `
@keyframes animation-0 {
  0% {
    background-color: rgba(165,165,165,0.05);
  }

  50% {
    background-color: rgba(165,165,165,0.1);
  }

  100% {
    background-color: rgba(165,165,165,0.05);
  }
}

.emotion-51 {
  box-sizing: border-box;
  margin: 0;
  min-width: 0;
  font-size: 16px;
}

@media screen and (min-width:40em) {
  .emotion-51 {
    font-size: 20px;
  }
}

.emotion-50 {
  box-sizing: border-box;
  margin: 0;
  min-width: 0;
  margin: auto;
  padding-left: 16px;
  padding-right: 16px;
  padding-top: 16px;
  padding-bottom: 64px;
  max-width: 640px;
}

@media screen and (min-width:40em) {
  .emotion-50 {
    padding-top: 16px;
  }
}

@media screen and (min-width:52em) {
  .emotion-50 {
    padding-top: 32px;
  }
}

.emotion-2 {
  box-sizing: border-box;
  margin: 0;
  min-width: 0;
  margin-bottom: 16px;
  width: 100%;
}

.emotion-0 {
  box-sizing: border-box;
  margin: 0;
  min-width: 0;
  border-radius: 6px;
  -webkit-animation: 1s ease-in-out 0s infinite animation-0;
  animation: 1s ease-in-out 0s infinite animation-0;
  width: 100%;
  height: 60px;
}

.emotion-1 {
  box-sizing: border-box;
  margin: 0;
  min-width: 0;
  font-family: Open Sans,-apple-system,BlinkMacSystemFont,San Francisco,Roboto,Segoe UI,Helvetica Neue,sans-serif;
  font-weight: 300;
  line-height: heading;
  font-size: 3.125rem;
  line-height: 6rem;
  -webkit-letter-spacing: 0;
  -moz-letter-spacing: 0;
  -ms-letter-spacing: 0;
  letter-spacing: 0;
  text-rendering: optimizeLegibility;
  margin-bottom: 16px;
  margin-left: 4px;
  color: var(--theme-ui-colors-text,#37383c);
  text-align: center;
}

.emotion-8 {
  display: block;
}

.emotion-7 {
  box-sizing: border-box;
  margin: 0;
  min-width: 0;
  overflow: auto;
  background-color: var(--theme-ui-colors-surface,#fff);
  border-radius: 6px;
  box-shadow: rgba(0,0,0,0.1) 0px 0px 1px,rgba(0,0,0,0.27) 0px 2px 4px -2px;
  padding: 16px;
  margin-bottom: 8px;
}

.emotion-6 {
  box-sizing: border-box;
  margin: 0;
  min-width: 0;
  display: -webkit-box;
  display: -webkit-flex;
  display: -ms-flexbox;
  display: flex;
  -webkit-align-items: center;
  -webkit-box-align: center;
  -ms-flex-align: center;
  align-items: center;
}

.emotion-3 {
  box-sizing: border-box;
  margin: 0;
  min-width: 0;
  font-family: Open Sans,-apple-system,BlinkMacSystemFont,San Francisco,Roboto,Segoe UI,Helvetica Neue,sans-serif;
  font-weight: 300;
  line-height: heading;
  font-size: 2rem;
  line-height: 3rem;
  -webkit-letter-spacing: 0;
  -moz-letter-spacing: 0;
  -ms-letter-spacing: 0;
  letter-spacing: 0;
  text-rendering: optimizeLegibility;
  color: var(--theme-ui-colors-text,#37383c);
}

.emotion-4 {
  box-sizing: border-box;
  margin: 0;
  min-width: 0;
  -webkit-flex: 1;
  -ms-flex: 1;
  flex: 1;
  pointer-events: none;
}

.emotion-5 {
  box-sizing: border-box;
  margin: 0;
  min-width: 0;
  max-width: 100%;
  height: auto;
  margin: 0;
  fill: var(--theme-ui-colors-icon,rgba(0,0,0,0.6));
  -webkit-flex-shrink: 0;
  -ms-flex-negative: 0;
  flex-shrink: 0;
  width: 20px;
  height: 20px;
}

.emotion-49 {
  box-sizing: border-box;
  margin: 0;
  min-width: 0;
  margin-top: 8px;
  display: -webkit-box;
  display: -webkit-flex;
  display: -ms-flexbox;
  display: flex;
}

.emotion-46 {
  box-sizing: border-box;
  margin: 0;
  min-width: 0;
  -webkit-appearance: none;
  -moz-appearance: none;
  appearance: none;
  display: inline-block;
  text-align: center;
  line-height: inherit;
  -webkit-text-decoration: none;
  text-decoration: none;
  font-size: inherit;
  padding-left: 16px;
  padding-right: 16px;
  padding-top: 8px;
  padding-bottom: 8px;
  color: white;
  background-color: var(--theme-ui-colors-primary,#00e399);
  border: 0;
  border-radius: 4px;
  cursor: pointer;
  box-sizing: border-box;
  font-size: 14px;
  color: var(--theme-ui-colors-textPrimary,#027c5b);
  background-color: transparent;
  border-radius: 6px;
  font-family: Open Sans,-apple-system,BlinkMacSystemFont,San Francisco,Roboto,Segoe UI,Helvetica Neue,sans-serif;
  -webkit-transition: background-color 125ms cubic-bezier(0.0,0.0,0.2,1);
  transition: background-color 125ms cubic-bezier(0.0,0.0,0.2,1);
  padding-top: 8px;
  padding-bottom: 8px;
  padding-left: 16px;
  padding-right: 16px;
  white-space: nowrap;
  display: -webkit-box;
  display: -webkit-flex;
  display: -ms-flexbox;
  display: flex;
  -webkit-align-items: center;
  -webkit-box-align: center;
  -ms-flex-align: center;
  align-items: center;
  -webkit-box-pack: center;
  -webkit-justify-content: center;
  -ms-flex-pack: center;
  justify-content: center;
  touch-action: manipulation;
  border: 1px solid;
  border-color: var(--theme-ui-colors-border,rgba(0,0,0,.1));
  padding: 16px;
  color: var(--theme-ui-colors-textMediumEmphasis,rgba(0,0,0,0.60));
  -webkit-flex-shrink: 0;
  -ms-flex-negative: 0;
  flex-shrink: 0;
}

.emotion-46:disabled {
  opacity: 0.38;
  cursor: auto;
}

.emotion-46:hover,
.emotion-46:focus {
  background-color: var(--theme-ui-colors-primaryLighter,rgba(0,120,86,0.12));
  border-color: var(--theme-ui-colors-primary,#00e399);
  outline: none;
}

.emotion-46:hover:disabled,
.emotion-46:focus:disabled {
  background-color: transparent;
  border-color: var(--theme-ui-colors-border,rgba(0,0,0,.1));
}

.emotion-47 {
  box-sizing: border-box;
  margin: 0;
  min-width: 0;
  -webkit-appearance: none;
  -moz-appearance: none;
  appearance: none;
  display: inline-block;
  text-align: center;
  line-height: inherit;
  -webkit-text-decoration: none;
  text-decoration: none;
  font-size: inherit;
  padding-left: 16px;
  padding-right: 16px;
  padding-top: 8px;
  padding-bottom: 8px;
  color: white;
  background-color: var(--theme-ui-colors-primary,#00e399);
  border: 0;
  border-radius: 4px;
  cursor: pointer;
  box-sizing: border-box;
  font-size: 14px;
  color: var(--theme-ui-colors-textPrimary,#027c5b);
  background-color: transparent;
  border-radius: 6px;
  font-family: Open Sans,-apple-system,BlinkMacSystemFont,San Francisco,Roboto,Segoe UI,Helvetica Neue,sans-serif;
  -webkit-transition: background-color 125ms cubic-bezier(0.0,0.0,0.2,1);
  transition: background-color 125ms cubic-bezier(0.0,0.0,0.2,1);
  padding-top: 8px;
  padding-bottom: 8px;
  padding-left: 16px;
  padding-right: 16px;
  white-space: nowrap;
  display: -webkit-box;
  display: -webkit-flex;
  display: -ms-flexbox;
  display: flex;
  -webkit-align-items: center;
  -webkit-box-align: center;
  -ms-flex-align: center;
  align-items: center;
  -webkit-box-pack: center;
  -webkit-justify-content: center;
  -ms-flex-pack: center;
  justify-content: center;
  touch-action: manipulation;
  border: 1px solid;
  border-color: var(--theme-ui-colors-border,rgba(0,0,0,.1));
  margin-left: 8px;
  color: var(--theme-ui-colors-warning,#ff6d00);
  -webkit-flex-shrink: 0;
  -ms-flex-negative: 0;
  flex-shrink: 0;
}

.emotion-47:disabled {
  opacity: 0.38;
  cursor: auto;
}

.emotion-47:hover,
.emotion-47:focus {
  background-color: var(--theme-ui-colors-primaryLighter,rgba(0,120,86,0.12));
  border-color: var(--theme-ui-colors-primary,#00e399);
  outline: none;
}

.emotion-47:hover:disabled,
.emotion-47:focus:disabled {
  background-color: transparent;
  border-color: var(--theme-ui-colors-border,rgba(0,0,0,.1));
}

.emotion-48 {
  box-sizing: border-box;
  margin: 0;
  min-width: 0;
  -webkit-appearance: none;
  -moz-appearance: none;
  appearance: none;
  display: inline-block;
  text-align: center;
  line-height: inherit;
  -webkit-text-decoration: none;
  text-decoration: none;
  font-size: inherit;
  padding-left: 16px;
  padding-right: 16px;
  padding-top: 8px;
  padding-bottom: 8px;
  color: white;
  background-color: var(--theme-ui-colors-primary,#00e399);
  border: 0;
  border-radius: 4px;
  cursor: pointer;
  box-sizing: border-box;
  font-size: 14px;
  color: var(--theme-ui-colors-textPrimary,#027c5b);
  background-color: transparent;
  border-radius: 6px;
  font-family: Open Sans,-apple-system,BlinkMacSystemFont,San Francisco,Roboto,Segoe UI,Helvetica Neue,sans-serif;
  -webkit-transition: background-color 125ms cubic-bezier(0.0,0.0,0.2,1);
  transition: background-color 125ms cubic-bezier(0.0,0.0,0.2,1);
  padding-top: 8px;
  padding-bottom: 8px;
  padding-left: 16px;
  padding-right: 16px;
  white-space: nowrap;
  display: -webkit-box;
  display: -webkit-flex;
  display: -ms-flexbox;
  display: flex;
  -webkit-align-items: center;
  -webkit-box-align: center;
  -ms-flex-align: center;
  align-items: center;
  -webkit-box-pack: center;
  -webkit-justify-content: center;
  -ms-flex-pack: center;
  justify-content: center;
  touch-action: manipulation;
  border: 1px solid;
  border-color: var(--theme-ui-colors-border,rgba(0,0,0,.1));
  margin-left: 8px;
  color: var(--theme-ui-colors-danger,#d50000);
  -webkit-flex-shrink: 0;
  -ms-flex-negative: 0;
  flex-shrink: 0;
  -webkit-box-flex: 1;
  -webkit-flex-grow: 1;
  -ms-flex-positive: 1;
  flex-grow: 1;
}

.emotion-48:disabled {
  opacity: 0.38;
  cursor: auto;
}

.emotion-48:hover,
.emotion-48:focus {
  background-color: var(--theme-ui-colors-primaryLighter,rgba(0,120,86,0.12));
  border-color: var(--theme-ui-colors-primary,#00e399);
  outline: none;
}

.emotion-48:hover:disabled,
.emotion-48:focus:disabled {
  background-color: transparent;
  border-color: var(--theme-ui-colors-border,rgba(0,0,0,.1));
}

<div>
  <div
    class="emotion-51"
  >
    <div
      class="emotion-50"
    >
      <div
        class="emotion-2"
      >
        <div
          class="emotion-0"
        />
        <h4
          class="emotion-1"
        />
      </div>
      <a
        class="emotion-8"
        href="/dashboard/admin/curriculum"
      >
        <div
          class="emotion-7"
        >
          <div
            class="emotion-6"
          >
            <h6
              class="emotion-3"
            >
              Curriculum
            </h6>
            <div
              class="emotion-4"
            />
            <div
              class="emotion-5"
            />
          </div>
        </div>
      </a>
      <a
        class="emotion-8"
        href="/dashboard/admin/users"
      >
        <div
          class="emotion-7"
        >
          <div
            class="emotion-6"
          >
            <h6
              class="emotion-3"
            >
              Users
            </h6>
            <div
              class="emotion-4"
            />
            <div
              class="emotion-5"
            />
          </div>
        </div>
      </a>
      <a
        class="emotion-8"
        href="/dashboard/admin/class"
      >
        <div
          class="emotion-7"
        >
          <div
            class="emotion-6"
          >
            <h6
              class="emotion-3"
            >
              Class
            </h6>
            <div
              class="emotion-4"
            />
            <div
              class="emotion-5"
            />
          </div>
        </div>
      </a>
      <a
        class="emotion-8"
        href="/dashboard/admin/students"
      >
        <div
          class="emotion-7"
        >
          <div
            class="emotion-6"
          >
            <h6
              class="emotion-3"
            >
              All Students
            </h6>
            <div
              class="emotion-4"
            />
            <div
              class="emotion-5"
            />
          </div>
        </div>
      </a>
      <a
        class="emotion-8"
        href="/dashboard/admin/guardians"
      >
        <div
          class="emotion-7"
        >
          <div
            class="emotion-6"
          >
            <h6
              class="emotion-3"
            >
              All Guardians
            </h6>
            <div
              class="emotion-4"
            />
            <div
              class="emotion-5"
            />
          </div>
        </div>
      </a>
      <a
        class="emotion-8"
        href="/dashboard/admin/inviteUser"
      >
        <div
          class="emotion-7"
        >
          <div
            class="emotion-6"
          >
            <h6
              class="emotion-3"
            >
              Invite Your Team
            </h6>
            <div
              class="emotion-4"
            />
            <div
              class="emotion-5"
            />
          </div>
        </div>
      </a>
      <a
        class="emotion-8"
        href="/dashboard/admin/subscription"
      >
        <div
          class="emotion-7"
        >
          <div
            class="emotion-6"
          >
            <h6
              class="emotion-3"
            >
              Subscription Plan
            </h6>
            <div
              class="emotion-4"
            />
            <div
              class="emotion-5"
            />
          </div>
        </div>
      </a>
      <div
        class="emotion-49"
      >
        <button
          class="emotion-46"
          data-cy="dark-switch"
        >
          <div
            class="emotion-5"
          />
        </button>
        <button
          class="emotion-47"
        >
          Switch school
        </button>
        <button
          class="emotion-48"
        >
          Log Out
        </button>
      </div>
    </div>
  </div>
</div>
`;
