// Jest Snapshot v1, https://goo.gl/fbAQLP

exports[`PageAdmin should render correctly 1`] = `
@keyframes animation-0 {
  0% {
    background-color: rgba(165,165,165,0.05);
  }

  50% {
    background-color: rgba(165,165,165,0.1);
  }

  100% {
    background-color: rgba(165,165,165,0.05);
  }
}

.emotion-44 {
  box-sizing: border-box;
  margin: 0;
  min-width: 0;
  font-size: 16px;
}

@media screen and (min-width:40em) {
  .emotion-44 {
    font-size: 20px;
  }
}

.emotion-43 {
  box-sizing: border-box;
  margin: 0;
  min-width: 0;
  margin: auto;
  padding-left: 16px;
  padding-right: 16px;
  padding-top: 16px;
  padding-bottom: 64px;
  max-width: 640px;
}

@media screen and (min-width:40em) {
  .emotion-43 {
    padding-top: 16px;
  }
}

@media screen and (min-width:52em) {
  .emotion-43 {
    padding-top: 32px;
  }
}

.emotion-2 {
  box-sizing: border-box;
  margin: 0;
  min-width: 0;
  margin-bottom: 16px;
  width: 100%;
}

.emotion-0 {
  box-sizing: border-box;
  margin: 0;
  min-width: 0;
  border-radius: 6px;
  -webkit-animation: 1s ease-in-out 0s infinite animation-0;
  animation: 1s ease-in-out 0s infinite animation-0;
  margin-top: 16px;
  margin-bottom: 16px;
  margin-left: auto;
  margin-right: auto;
  width: 18rem;
  height: 34px;
}

.emotion-1 {
  box-sizing: border-box;
  margin: 0;
  min-width: 0;
  font-family: Open Sans,-apple-system,BlinkMacSystemFont,San Francisco,Roboto,Segoe UI,Helvetica Neue,sans-serif;
  font-weight: bold;
  line-height: heading;
  color: var(--theme-ui-colors-text,#37383c);
  text-rendering: optimizeLegibility;
  font-size: 24px;
  margin-top: 16px;
  margin-bottom: 16px;
  margin-left: 4px;
  text-align: center;
}

.emotion-7 {
  display: block;
}

.emotion-6 {
  box-sizing: border-box;
  margin: 0;
  min-width: 0;
  overflow: auto;
  background-color: var(--theme-ui-colors-surface,#fff);
  border-radius: 6px;
  box-shadow: rgba(0,0,0,0.1) 0px 0px 1px,rgba(0,0,0,0.27) 0px 2px 4px -2px;
  padding: 16px;
  margin-bottom: 8px;
}

.emotion-5 {
  box-sizing: border-box;
  margin: 0;
  min-width: 0;
  display: -webkit-box;
  display: -webkit-flex;
  display: -ms-flexbox;
  display: flex;
  -webkit-align-items: center;
  -webkit-box-align: center;
  -ms-flex-align: center;
  align-items: center;
}

.emotion-3 {
  box-sizing: border-box;
  margin: 0;
  min-width: 0;
  color: var(--theme-ui-colors-text,#37383c);
  font-size: 16px;
  text-rendering: optimizeLegibility;
  line-height: 1.5;
  font-size: 16px;
}

@media screen and (min-width:40em) {
  .emotion-3 {
    font-size: 14px;
  }
}

@media screen and (min-width:40em) {
  .emotion-3 {
    font-size: 16px;
  }
}

.emotion-4 {
  box-sizing: border-box;
  margin: 0;
  min-width: 0;
  max-width: 100%;
  height: auto;
  margin-left: auto;
  fill: var(--theme-ui-colors-icon,rgba(0,0,0,0.6));
  -webkit-flex-shrink: 0;
  -ms-flex-negative: 0;
  flex-shrink: 0;
  width: 20px;
  height: 20px;
}

.emotion-42 {
  box-sizing: border-box;
  margin: 0;
  min-width: 0;
  margin-top: 8px;
  display: -webkit-box;
  display: -webkit-flex;
  display: -ms-flexbox;
  display: flex;
}

.emotion-39 {
  box-sizing: border-box;
  margin: 0;
  min-width: 0;
  -webkit-appearance: none;
  -moz-appearance: none;
  appearance: none;
  display: inline-block;
  text-align: center;
  line-height: inherit;
  -webkit-text-decoration: none;
  text-decoration: none;
  font-size: inherit;
  padding-left: 16px;
  padding-right: 16px;
  padding-top: 8px;
  padding-bottom: 8px;
  color: white;
  background-color: var(--theme-ui-colors-primary,#00e399);
  border: 0;
  border-radius: 4px;
  -webkit-user-select: none;
  -moz-user-select: none;
  -ms-user-select: none;
  user-select: none;
  cursor: pointer;
  box-sizing: border-box;
  font-size: 14px;
  color: var(--theme-ui-colors-textPrimary,#027c5b);
  background-color: transparent;
  border-radius: 6px;
  font-family: Open Sans,-apple-system,BlinkMacSystemFont,San Francisco,Roboto,Segoe UI,Helvetica Neue,sans-serif;
  -webkit-transition: background-color 125ms cubic-bezier(0.0,0.0,0.2,1);
  transition: background-color 125ms cubic-bezier(0.0,0.0,0.2,1);
  padding-top: 8px;
  padding-bottom: 8px;
  padding-left: 16px;
  padding-right: 16px;
  white-space: nowrap;
  display: -webkit-box;
  display: -webkit-flex;
  display: -ms-flexbox;
  display: flex;
  -webkit-align-items: center;
  -webkit-box-align: center;
  -ms-flex-align: center;
  align-items: center;
  -webkit-box-pack: center;
  -webkit-justify-content: center;
  -ms-flex-pack: center;
  justify-content: center;
  touch-action: manipulation;
  border: 1px solid;
  border-color: var(--theme-ui-colors-border,rgba(0,0,0,.1));
  padding: 16px;
  color: var(--theme-ui-colors-textMediumEmphasis,rgba(0,0,0,0.60));
  -webkit-flex-shrink: 0;
  -ms-flex-negative: 0;
  flex-shrink: 0;
}

.emotion-39:disabled {
  opacity: 0.38;
  cursor: auto;
}

.emotion-39:hover,
.emotion-39:focus {
  background-color: var(--theme-ui-colors-primaryLighter,rgba(0,120,86,0.12));
  border-color: var(--theme-ui-colors-primary,#00e399);
  outline: none;
}

.emotion-39:hover:disabled,
.emotion-39:focus:disabled {
  background-color: transparent;
  border-color: var(--theme-ui-colors-border,rgba(0,0,0,.1));
}

.emotion-38 {
  box-sizing: border-box;
  margin: 0;
  min-width: 0;
  max-width: 100%;
  height: auto;
  fill: var(--theme-ui-colors-icon,rgba(0,0,0,0.6));
  -webkit-flex-shrink: 0;
  -ms-flex-negative: 0;
  flex-shrink: 0;
  width: 20px;
  height: 20px;
}

.emotion-40 {
  box-sizing: border-box;
  margin: 0;
  min-width: 0;
  -webkit-appearance: none;
  -moz-appearance: none;
  appearance: none;
  display: inline-block;
  text-align: center;
  line-height: inherit;
  -webkit-text-decoration: none;
  text-decoration: none;
  font-size: inherit;
  padding-left: 16px;
  padding-right: 16px;
  padding-top: 8px;
  padding-bottom: 8px;
  color: white;
  background-color: var(--theme-ui-colors-primary,#00e399);
  border: 0;
  border-radius: 4px;
  -webkit-user-select: none;
  -moz-user-select: none;
  -ms-user-select: none;
  user-select: none;
  cursor: pointer;
  box-sizing: border-box;
  font-size: 14px;
  color: var(--theme-ui-colors-textPrimary,#027c5b);
  background-color: transparent;
  border-radius: 6px;
  font-family: Open Sans,-apple-system,BlinkMacSystemFont,San Francisco,Roboto,Segoe UI,Helvetica Neue,sans-serif;
  -webkit-transition: background-color 125ms cubic-bezier(0.0,0.0,0.2,1);
  transition: background-color 125ms cubic-bezier(0.0,0.0,0.2,1);
  padding-top: 8px;
  padding-bottom: 8px;
  padding-left: 16px;
  padding-right: 16px;
  white-space: nowrap;
  display: -webkit-box;
  display: -webkit-flex;
  display: -ms-flexbox;
  display: flex;
  -webkit-align-items: center;
  -webkit-box-align: center;
  -ms-flex-align: center;
  align-items: center;
  -webkit-box-pack: center;
  -webkit-justify-content: center;
  -ms-flex-pack: center;
  justify-content: center;
  touch-action: manipulation;
  border: 1px solid;
  border-color: var(--theme-ui-colors-border,rgba(0,0,0,.1));
  margin-left: 8px;
  color: var(--theme-ui-colors-warning,#ff6d00);
  -webkit-flex-shrink: 0;
  -ms-flex-negative: 0;
  flex-shrink: 0;
}

.emotion-40:disabled {
  opacity: 0.38;
  cursor: auto;
}

.emotion-40:hover,
.emotion-40:focus {
  background-color: var(--theme-ui-colors-primaryLighter,rgba(0,120,86,0.12));
  border-color: var(--theme-ui-colors-primary,#00e399);
  outline: none;
}

.emotion-40:hover:disabled,
.emotion-40:focus:disabled {
  background-color: transparent;
  border-color: var(--theme-ui-colors-border,rgba(0,0,0,.1));
}

.emotion-41 {
  box-sizing: border-box;
  margin: 0;
  min-width: 0;
  -webkit-appearance: none;
  -moz-appearance: none;
  appearance: none;
  display: inline-block;
  text-align: center;
  line-height: inherit;
  -webkit-text-decoration: none;
  text-decoration: none;
  font-size: inherit;
  padding-left: 16px;
  padding-right: 16px;
  padding-top: 8px;
  padding-bottom: 8px;
  color: white;
  background-color: var(--theme-ui-colors-primary,#00e399);
  border: 0;
  border-radius: 4px;
  -webkit-user-select: none;
  -moz-user-select: none;
  -ms-user-select: none;
  user-select: none;
  cursor: pointer;
  box-sizing: border-box;
  font-size: 14px;
  color: var(--theme-ui-colors-textPrimary,#027c5b);
  background-color: transparent;
  border-radius: 6px;
  font-family: Open Sans,-apple-system,BlinkMacSystemFont,San Francisco,Roboto,Segoe UI,Helvetica Neue,sans-serif;
  -webkit-transition: background-color 125ms cubic-bezier(0.0,0.0,0.2,1);
  transition: background-color 125ms cubic-bezier(0.0,0.0,0.2,1);
  padding-top: 8px;
  padding-bottom: 8px;
  padding-left: 16px;
  padding-right: 16px;
  white-space: nowrap;
  display: -webkit-box;
  display: -webkit-flex;
  display: -ms-flexbox;
  display: flex;
  -webkit-align-items: center;
  -webkit-box-align: center;
  -ms-flex-align: center;
  align-items: center;
  -webkit-box-pack: center;
  -webkit-justify-content: center;
  -ms-flex-pack: center;
  justify-content: center;
  touch-action: manipulation;
  border: 1px solid;
  border-color: var(--theme-ui-colors-border,rgba(0,0,0,.1));
  margin-left: 8px;
  color: var(--theme-ui-colors-danger,#d50000);
  -webkit-flex-shrink: 0;
  -ms-flex-negative: 0;
  flex-shrink: 0;
  -webkit-box-flex: 1;
  -webkit-flex-grow: 1;
  -ms-flex-positive: 1;
  flex-grow: 1;
}

.emotion-41:disabled {
  opacity: 0.38;
  cursor: auto;
}

.emotion-41:hover,
.emotion-41:focus {
  background-color: var(--theme-ui-colors-primaryLighter,rgba(0,120,86,0.12));
  border-color: var(--theme-ui-colors-primary,#00e399);
  outline: none;
}

.emotion-41:hover:disabled,
.emotion-41:focus:disabled {
  background-color: transparent;
  border-color: var(--theme-ui-colors-border,rgba(0,0,0,.1));
}

<div>
  <div
    class="emotion-44"
  >
    <div
      class="emotion-43"
    >
      <div
        class="emotion-2"
      >
        <div
          class="emotion-0"
        />
        <h5
          class="emotion-1"
        />
      </div>
      <a
        class="emotion-7"
        href="/dashboard/admin/curriculum"
      >
        <div
          class="emotion-6"
        >
          <div
            class="emotion-5"
          >
            <p
              class="emotion-3"
            >
              Curriculum
            </p>
            <div
              class="emotion-4"
            />
          </div>
        </div>
      </a>
      <a
        class="emotion-7"
        href="/dashboard/admin/users"
      >
        <div
          class="emotion-6"
        >
          <div
            class="emotion-5"
          >
            <p
              class="emotion-3"
            >
              Users
            </p>
            <div
              class="emotion-4"
            />
          </div>
        </div>
      </a>
      <a
        class="emotion-7"
        href="/dashboard/admin/class"
      >
        <div
          class="emotion-6"
        >
          <div
            class="emotion-5"
          >
            <p
              class="emotion-3"
            >
              Class
            </p>
            <div
              class="emotion-4"
            />
          </div>
        </div>
      </a>
      <a
        class="emotion-7"
        href="/dashboard/admin/students"
      >
        <div
          class="emotion-6"
        >
          <div
            class="emotion-5"
          >
            <p
              class="emotion-3"
            >
              All Students
            </p>
            <div
              class="emotion-4"
            />
          </div>
        </div>
      </a>
      <a
        class="emotion-7"
        href="/dashboard/admin/guardians"
      >
        <div
          class="emotion-6"
        >
          <div
            class="emotion-5"
          >
            <p
              class="emotion-3"
            >
              All Guardians
            </p>
            <div
              class="emotion-4"
            />
          </div>
        </div>
      </a>
      <a
        class="emotion-7"
        href="/dashboard/admin/inviteUser"
      >
        <div
          class="emotion-6"
        >
          <div
            class="emotion-5"
          >
            <p
              class="emotion-3"
            >
              Invite Your Team
            </p>
            <div
              class="emotion-4"
            />
          </div>
        </div>
      </a>
      <a
        class="emotion-7"
        href="/dashboard/admin/subscription"
      >
        <div
          class="emotion-6"
        >
          <div
            class="emotion-5"
          >
            <p
              class="emotion-3"
            >
              Subscription Plan
            </p>
            <div
              class="emotion-4"
            />
          </div>
        </div>
      </a>
      <div
        class="emotion-42"
      >
        <button
          class="emotion-39"
          data-cy="dark-switch"
        >
          <div
            class="emotion-38"
          />
        </button>
        <button
          class="emotion-40"
        >
          Switch school
        </button>
        <button
          class="emotion-41"
        >
          Log Out
        </button>
      </div>
    </div>
  </div>
</div>
`;
