// Jest Snapshot v1, https://goo.gl/fbAQLP

exports[`PageManageReports should render correctly 1`] = `
.emotion-0 {
  box-sizing: border-box;
  margin: 0;
  min-width: 0;
  font-size: 16px;
}

@media screen and (min-width: 40em) {
  .emotion-0 {
    font-size: 20px;
  }
}

.emotion-1 {
  box-sizing: border-box;
  margin: 0;
  min-width: 0;
  border-right-width: 1px;
  border-right-style: solid;
  border-right-color: var(--theme-ui-colors-border);
  width: 100%;
  height: 100vh;
  -webkit-position: sticky;
  position: sticky;
  top: 0;
  overflow-y: auto;
  padding-bottom: 48px;
}

@media screen and (min-width: 72em) {
  .emotion-1 {
    max-width: 340px;
  }
}

<div>
  <div
    class="emotion-0"
  >
    <div
      class="emotion-1"
    />
  </div>
</div>
`;
