// Jest Snapshot v1, https://goo.gl/fbAQLP

exports[`ObservationCard should render correctly 1`] = `
.emotion-4 {
  box-sizing: border-box;
  margin: 0;
  min-width: 0;
  font-size: 16px;
}

@media screen and (min-width:40em) {
  .emotion-4 {
    font-size: 20px;
  }
}

.emotion-3 {
  box-sizing: border-box;
  margin: 0;
  min-width: 0;
  overflow: auto;
  background-color: var(--theme-ui-colors-surface,#fff);
  border-radius: 6px;
  box-shadow: rgba(0,0,0,0.1) 0px 0px 1px,rgba(0,0,0,0.27) 0px 2px 4px -2px;
  margin-bottom: 8px;
  padding-top: 8px;
  border-radius: 0;
}

@media screen and (min-width:40em) {
  .emotion-3 {
    border-radius: 6px;
  }
}

.emotion-0 {
  box-sizing: border-box;
  margin: 0;
  min-width: 0;
  color: var(--theme-ui-colors-text,#37383c);
  font-size: 14px;
  text-rendering: optimizeLegibility;
  line-height: 1.5;
  margin-top: 4px;
  margin-bottom: 8px;
  margin-left: 16px;
  margin-right: 16px;
}

.emotion-2 {
  box-sizing: border-box;
  margin: 0;
  min-width: 0;
  margin-left: 16px;
  margin-right: 8px;
  margin-bottom: 16px;
  display: -webkit-box;
  display: -webkit-flex;
  display: -ms-flexbox;
  display: flex;
  -webkit-align-items: baseline;
  -webkit-box-align: baseline;
  -ms-flex-align: baseline;
  align-items: baseline;
}

.emotion-1 {
  color: var(--theme-ui-colors-textPrimary,#027c5b);
  margin-left: auto;
  margin-right: 16px;
  font-size: 12px;
}

<div>
  <div
    class="emotion-4"
  >
    <div
      class="emotion-3"
    >
      <p
        class="emotion-0"
        data-cy="observation-short-desc"
      />
      
      <div
        class="emotion-2"
      >
        <a
          class="emotion-1"
          href=""
        >
          See More
        </a>
      </div>
    </div>
  </div>
</div>
`;
